Archive member included to satisfy reference by file (symbol)

c:/users/admin/.platformio/packages/toolchain-gccarmnoneeabi@1.80201.190214/bin/../lib/gcc/arm-none-eabi/8.2.1/thumb/v7e-m+fp/softfp\libgcc.a(_aeabi_uldivmod.o)
                              ./build/Debug/Drivers/STM32F4xx_HAL_Driver/Src/stm32f4xx_hal_rcc.o (__aeabi_uldivmod)
c:/users/admin/.platformio/packages/toolchain-gccarmnoneeabi@1.80201.190214/bin/../lib/gcc/arm-none-eabi/8.2.1/thumb/v7e-m+fp/softfp\libgcc.a(_udivmoddi4.o)
                              c:/users/admin/.platformio/packages/toolchain-gccarmnoneeabi@1.80201.190214/bin/../lib/gcc/arm-none-eabi/8.2.1/thumb/v7e-m+fp/softfp\libgcc.a(_aeabi_uldivmod.o) (__udivmoddi4)
c:/users/admin/.platformio/packages/toolchain-gccarmnoneeabi@1.80201.190214/bin/../lib/gcc/arm-none-eabi/8.2.1/thumb/v7e-m+fp/softfp\libgcc.a(_dvmd_tls.o)
                              c:/users/admin/.platformio/packages/toolchain-gccarmnoneeabi@1.80201.190214/bin/../lib/gcc/arm-none-eabi/8.2.1/thumb/v7e-m+fp/softfp\libgcc.a(_aeabi_uldivmod.o) (__aeabi_ldiv0)
c:/users/admin/.platformio/packages/toolchain-gccarmnoneeabi@1.80201.190214/bin/../lib/gcc/arm-none-eabi/8.2.1/../../../../arm-none-eabi/lib/thumb/v7e-m+fp/softfp\libc.a(lib_a-errno.o)
                              ./build/Debug/Core/Src/syscalls.o (__errno)
c:/users/admin/.platformio/packages/toolchain-gccarmnoneeabi@1.80201.190214/bin/../lib/gcc/arm-none-eabi/8.2.1/../../../../arm-none-eabi/lib/thumb/v7e-m+fp/softfp\libc.a(lib_a-exit.o)
                              c:/users/admin/.platformio/packages/toolchain-gccarmnoneeabi@1.80201.190214/bin/../lib/gcc/arm-none-eabi/8.2.1/../../../../arm-none-eabi/lib/thumb/v7e-m+fp/softfp/crt0.o (exit)
c:/users/admin/.platformio/packages/toolchain-gccarmnoneeabi@1.80201.190214/bin/../lib/gcc/arm-none-eabi/8.2.1/../../../../arm-none-eabi/lib/thumb/v7e-m+fp/softfp\libc.a(lib_a-impure.o)
                              c:/users/admin/.platformio/packages/toolchain-gccarmnoneeabi@1.80201.190214/bin/../lib/gcc/arm-none-eabi/8.2.1/../../../../arm-none-eabi/lib/thumb/v7e-m+fp/softfp\libc.a(lib_a-exit.o) (_global_impure_ptr)
c:/users/admin/.platformio/packages/toolchain-gccarmnoneeabi@1.80201.190214/bin/../lib/gcc/arm-none-eabi/8.2.1/../../../../arm-none-eabi/lib/thumb/v7e-m+fp/softfp\libc.a(lib_a-init.o)
                              c:/users/admin/.platformio/packages/toolchain-gccarmnoneeabi@1.80201.190214/bin/../lib/gcc/arm-none-eabi/8.2.1/../../../../arm-none-eabi/lib/thumb/v7e-m+fp/softfp/crt0.o (__libc_init_array)
c:/users/admin/.platformio/packages/toolchain-gccarmnoneeabi@1.80201.190214/bin/../lib/gcc/arm-none-eabi/8.2.1/../../../../arm-none-eabi/lib/thumb/v7e-m+fp/softfp\libc.a(lib_a-memcpy.o)
                              ./build/Debug/Middlewares/Third_Party/FreeRTOS/Source/CMSIS_RTOS_V2/cmsis_os2.o (memcpy)
c:/users/admin/.platformio/packages/toolchain-gccarmnoneeabi@1.80201.190214/bin/../lib/gcc/arm-none-eabi/8.2.1/../../../../arm-none-eabi/lib/thumb/v7e-m+fp/softfp\libc.a(lib_a-memset.o)
                              c:/users/admin/.platformio/packages/toolchain-gccarmnoneeabi@1.80201.190214/bin/../lib/gcc/arm-none-eabi/8.2.1/../../../../arm-none-eabi/lib/thumb/v7e-m+fp/softfp/crt0.o (memset)
c:/users/admin/.platformio/packages/toolchain-gccarmnoneeabi@1.80201.190214/bin/../lib/gcc/arm-none-eabi/8.2.1/../../../../arm-none-eabi/lib/thumb/v7e-m+fp/softfp\libc.a(lib_a-puts.o)
                              ./build/Debug/Core/Src/main.o (puts)
c:/users/admin/.platformio/packages/toolchain-gccarmnoneeabi@1.80201.190214/bin/../lib/gcc/arm-none-eabi/8.2.1/../../../../arm-none-eabi/lib/thumb/v7e-m+fp/softfp\libc.a(lib_a-reent.o)
                              ./build/Debug/Middlewares/Third_Party/FreeRTOS/Source/tasks.o (_reclaim_reent)
c:/users/admin/.platformio/packages/toolchain-gccarmnoneeabi@1.80201.190214/bin/../lib/gcc/arm-none-eabi/8.2.1/../../../../arm-none-eabi/lib/thumb/v7e-m+fp/softfp\libc.a(lib_a-strlen.o)
                              c:/users/admin/.platformio/packages/toolchain-gccarmnoneeabi@1.80201.190214/bin/../lib/gcc/arm-none-eabi/8.2.1/../../../../arm-none-eabi/lib/thumb/v7e-m+fp/softfp\libc.a(lib_a-puts.o) (strlen)
c:/users/admin/.platformio/packages/toolchain-gccarmnoneeabi@1.80201.190214/bin/../lib/gcc/arm-none-eabi/8.2.1/../../../../arm-none-eabi/lib/thumb/v7e-m+fp/softfp\libc.a(lib_a-__call_atexit.o)
                              c:/users/admin/.platformio/packages/toolchain-gccarmnoneeabi@1.80201.190214/bin/../lib/gcc/arm-none-eabi/8.2.1/../../../../arm-none-eabi/lib/thumb/v7e-m+fp/softfp\libc.a(lib_a-exit.o) (__call_exitprocs)
c:/users/admin/.platformio/packages/toolchain-gccarmnoneeabi@1.80201.190214/bin/../lib/gcc/arm-none-eabi/8.2.1/../../../../arm-none-eabi/lib/thumb/v7e-m+fp/softfp\libc.a(lib_a-atexit.o)
[...]
Memory Configuration

Name             Origin             Length             Attributes
CCMRAM           0x0000000010000000 0x0000000000010000 xrw
RAM              0x0000000020000000 0x0000000000020000 xrw
FLASH            0x0000000008000000 0x0000000000100000 xr
*default*        0x0000000000000000 0xffffffffffffffff

Linker script and memory map

LOAD c:/users/admin/.platformio/packages/toolchain-gccarmnoneeabi@1.80201.190214/bin/../lib/gcc/arm-none-eabi/8.2.1/thumb/v7e-m+fp/softfp/crti.o
LOAD c:/users/admin/.platformio/packages/toolchain-gccarmnoneeabi@1.80201.190214/bin/../lib/gcc/arm-none-eabi/8.2.1/thumb/v7e-m+fp/softfp/crtbegin.o
LOAD c:/users/admin/.platformio/packages/toolchain-gccarmnoneeabi@1.80201.190214/bin/../lib/gcc/arm-none-eabi/8.2.1/../../../../arm-none-eabi/lib/thumb/v7e-m+fp/softfp/crt0.o
LOAD ./build/Debug/Core/Src/freertos.o
LOAD ./build/Debug/Core/Src/main.o
LOAD ./build/Debug/Core/Src/stm32f4xx_hal_msp.o
LOAD ./build/Debug/Core/Src/stm32f4xx_it.o
LOAD ./build/Debug/Core/Src/syscalls.o
LOAD ./build/Debug/Core/Src/sysmem.o
LOAD ./build/Debug/Core/Src/system_stm32f4xx.o
LOAD ./build/Debug/Drivers/STM32F4xx_HAL_Driver/Src/stm32f4xx_hal.o
LOAD ./build/Debug/Drivers/STM32F4xx_HAL_Driver/Src/stm32f4xx_hal_cortex.o
LOAD ./build/Debug/Drivers/STM32F4xx_HAL_Driver/Src/stm32f4xx_hal_dma.o
LOAD ./build/Debug/Drivers/STM32F4xx_HAL_Driver/Src/stm32f4xx_hal_dma_ex.o
LOAD ./build/Debug/Drivers/STM32F4xx_HAL_Driver/Src/stm32f4xx_hal_exti.o
LOAD ./build/Debug/Drivers/STM32F4xx_HAL_Driver/Src/stm32f4xx_hal_flash.o
LOAD ./build/Debug/Drivers/STM32F4xx_HAL_Driver/Src/stm32f4xx_hal_flash_ex.o
LOAD ./build/Debug/Drivers/STM32F4xx_HAL_Driver/Src/stm32f4xx_hal_flash_ramfunc.o
LOAD ./build/Debug/Drivers/STM32F4xx_HAL_Driver/Src/stm32f4xx_hal_gpio.o
LOAD ./build/Debug/Drivers/STM32F4xx_HAL_Driver/Src/stm32f4xx_hal_pwr.o
LOAD ./build/Debug/Drivers/STM32F4xx_HAL_Driver/Src/stm32f4xx_hal_pwr_ex.o
LOAD ./build/Debug/Drivers/STM32F4xx_HAL_Driver/Src/stm32f4xx_hal_rcc.o
LOAD ./build/Debug/Drivers/STM32F4xx_HAL_Driver/Src/stm32f4xx_hal_rcc_ex.o
LOAD ./build/Debug/Drivers/STM32F4xx_HAL_Driver/Src/stm32f4xx_hal_uart.o
LOAD ./build/Debug/Middlewares/Third_Party/FreeRTOS/Source/CMSIS_RTOS_V2/cmsis_os2.o
LOAD ./build/Debug/Middlewares/Third_Party/FreeRTOS/Source/croutine.o
LOAD ./build/Debug/Middlewares/Third_Party/FreeRTOS/Source/event_groups.o
LOAD ./build/Debug/Middlewares/Third_Party/FreeRTOS/Source/list.o
LOAD ./build/Debug/Middlewares/Third_Party/FreeRTOS/Source/portable/GCC/ARM_CM4F/port.o
LOAD ./build/Debug/Middlewares/Third_Party/FreeRTOS/Source/portable/MemMang/heap_4.o
LOAD ./build/Debug/Middlewares/Third_Party/FreeRTOS/Source/queue.o
LOAD ./build/Debug/Middlewares/Third_Party/FreeRTOS/Source/stream_buffer.o
LOAD ./build/Debug/Middlewares/Third_Party/FreeRTOS/Source/tasks.o
LOAD ./build/Debug/Middlewares/Third_Party/FreeRTOS/Source/timers.o
LOAD ./build/Debug/Core/Startup/startup_stm32f405rgtx.o
START GROUP
LOAD c:/users/admin/.platformio/packages/toolchain-gccarmnoneeabi@1.80201.190214/bin/../lib/gcc/arm-none-eabi/8.2.1/thumb/v7e-m+fp/softfp\libgcc.a
LOAD c:/users/admin/.platformio/packages/toolchain-gccarmnoneeabi@1.80201.190214/bin/../lib/gcc/arm-none-eabi/8.2.1/../../../../arm-none-eabi/lib/thumb/v7e-m+fp/softfp\libc.a
END GROUP
LOAD c:/users/admin/.platformio/packages/toolchain-gccarmnoneeabi@1.80201.190214/bin/../lib/gcc/arm-none-eabi/8.2.1/thumb/v7e-m+fp/softfp/crtend.o
LOAD c:/users/admin/.platformio/packages/toolchain-gccarmnoneeabi@1.80201.190214/bin/../lib/gcc/arm-none-eabi/8.2.1/thumb/v7e-m+fp/softfp/crtn.o
                0x0000000020020000                _estack = (ORIGIN (RAM) + LENGTH (RAM))
                0x0000000000000200                _Min_Heap_Size = 0x200
                0x0000000000000400                _Min_Stack_Size = 0x400

.isr_vector     0x0000000008000000      0x188
                0x0000000008000000                . = ALIGN (0x4)
 *(.isr_vector)
 .isr_vector    0x0000000008000000      0x188 ./build/Debug/Core/Startup/startup_stm32f405rgtx.o
                0x0000000008000000                g_pfnVectors
                0x0000000008000188                . = ALIGN (0x4)

.text           0x00000000080001c0     0x5710
                0x00000000080001c0                . = ALIGN (0x4)
 *(.text)
 .text          0x00000000080001c0       0x30 c:/users/admin/.platformio/packages/toolchain-gccarmnoneeabi@1.80201.190214/bin/../lib/gcc/arm-none-eabi/8.2.1/thumb/v7e-m+fp/softfp\libgcc.a(_aeabi_uldivmod.o)
                0x00000000080001c0                __aeabi_uldivmod
 .text          0x00000000080001f0        0x4 c:/users/admin/.platformio/packages/toolchain-gccarmnoneeabi@1.80201.190214/bin/../lib/gcc/arm-none-eabi/8.2.1/thumb/v7e-m+fp/softfp\libgcc.a(_dvmd_tls.o)
                0x00000000080001f0                __aeabi_idiv0
                0x00000000080001f0                __aeabi_ldiv0
 .text          0x00000000080001f4      0x134 c:/users/admin/.platformio/packages/toolchain-gccarmnoneeabi@1.80201.190214/bin/../lib/gcc/arm-none-eabi/8.2.1/../../../../arm-none-eabi/lib/thumb/v7e-m+fp/softfp\libc.a(lib_a-memcpy.o)
                0x00000000080001f4                memcpy
 *fill*         0x0000000008000328       0x18 
 .text          0x0000000008000340       0xdc c:/users/admin/.platformio/packages/toolchain-gccarmnoneeabi@1.80201.190214/bin/../lib/gcc/arm-none-eabi/8.2.1/../../../../arm-none-eabi/lib/thumb/v7e-m+fp/softfp\libc.a(lib_a-strlen.o)
                0x0000000008000340                strlen
 *fill*         0x000000000800041c        0x4 
 .text          0x0000000008000420       0xa0 c:/users/admin/.platformio/packages/toolchain-gccarmnoneeabi@1.80201.190214/bin/../lib/gcc/arm-none-eabi/8.2.1/../../../../arm-none-eabi/lib/thumb/v7e-m+fp/softfp\libc.a(lib_a-memchr.o)
                0x0000000008000420                memchr
 *(.text*)
 .text.deregister_tm_clones
                0x00000000080004c0       0x1c c:/users/admin/.platformio/packages/toolchain-gccarmnoneeabi@1.80201.190214/bin/../lib/gcc/arm-none-eabi/8.2.1/thumb/v7e-m+fp/softfp/crtbegin.o
 .text.register_tm_clones
                0x00000000080004dc       0x24 c:/users/admin/.platformio/packages/toolchain-gccarmnoneeabi@1.80201.190214/bin/../lib/gcc/arm-none-eabi/8.2.1/thumb/v7e-m+fp/softfp/crtbegin.o
 .text.__do_global_dtors_aux
                0x0000000008000500       0x28 c:/users/admin/.platformio/packages/toolchain-gccarmnoneeabi@1.80201.190214/bin/../lib/gcc/arm-none-eabi/8.2.1/thumb/v7e-m+fp/softfp/crtbegin.o
 .text.frame_dummy
                0x0000000008000528       0x24 c:/users/admin/.platformio/packages/toolchain-gccarmnoneeabi@1.80201.190214/bin/../lib/gcc/arm-none-eabi/8.2.1/thumb/v7e-m+fp/softfp/crtbegin.o
 .text.MX_GPIO_Init
                0x000000000800054c       0x7c ./build/Debug/Core/Src/main.o
 .text.readUART
                0x00000000080005c8       0x50 ./build/Debug/Core/Src/main.o
                0x00000000080005c8                readUART
 .text.printUART
                0x0000000008000618       0x58 ./build/Debug/Core/Src/main.o
                0x0000000008000618                printUART
 .text.controlLEDs
                0x0000000008000670       0xac ./build/Debug/Core/Src/main.o
                0x0000000008000670                controlLEDs
 .text.__io_putchar
                0x000000000800071c       0x24 ./build/Debug/Core/Src/main.o
                0x000000000800071c                __io_putchar
 .text.__io_getchar
                0x0000000008000740       0x48 ./build/Debug/Core/Src/main.o
                0x0000000008000740                __io_getchar
 .text.Error_Handler
                0x0000000008000788        0x4 ./build/Debug/Core/Src/main.o
                0x0000000008000788                Error_Handler
 .text.MX_UART4_Init
                0x000000000800078c       0x34 ./build/Debug/Core/Src/main.o
 .text.SystemClock_Config
                0x00000000080007c0       0xa0 ./build/Debug/Core/Src/main.o
                0x00000000080007c0                SystemClock_Config
 .text.main     0x0000000008000860       0x94 ./build/Debug/Core/Src/main.o
                0x0000000008000860                main
 .text.HAL_MspInit
                0x00000000080008f4       0x44 ./build/Debug/Core/Src/stm32f4xx_hal_msp.o
                0x00000000080008f4                HAL_MspInit
 .text.HAL_UART_MspInit
                0x0000000008000938       0x70 ./build/Debug/Core/Src/stm32f4xx_hal_msp.o
                0x0000000008000938                HAL_UART_MspInit
 .text.NMI_Handler
                0x00000000080009a8        0x2 ./build/Debug/Core/Src/stm32f4xx_it.o
                0x00000000080009a8                NMI_Handler
 .text.HardFault_Handler
                0x00000000080009aa        0x2 ./build/Debug/Core/Src/stm32f4xx_it.o
                0x00000000080009aa                HardFault_Handler
 .text.MemManage_Handler
                0x00000000080009ac        0x2 ./build/Debug/Core/Src/stm32f4xx_it.o
                0x00000000080009ac                MemManage_Handler
 .text.BusFault_Handler
                0x00000000080009ae        0x2 ./build/Debug/Core/Src/stm32f4xx_it.o
                0x00000000080009ae                BusFault_Handler
 .text.UsageFault_Handler
                0x00000000080009b0        0x2 ./build/Debug/Core/Src/stm32f4xx_it.o
                0x00000000080009b0                UsageFault_Handler
 .text.DebugMon_Handler
                0x00000000080009b2        0x2 ./build/Debug/Core/Src/stm32f4xx_it.o
                0x00000000080009b2                DebugMon_Handler
 .text.SysTick_Handler
                0x00000000080009b4       0x16 ./build/Debug/Core/Src/stm32f4xx_it.o
                0x00000000080009b4                SysTick_Handler
 .text._read    0x00000000080009ca       0x20 ./build/Debug/Core/Src/syscalls.o
                0x00000000080009ca                _read
 .text._write   0x00000000080009ea       0x1c ./build/Debug/Core/Src/syscalls.o
                0x00000000080009ea                _write
 .text._close   0x0000000008000a06        0x6 ./build/Debug/Core/Src/syscalls.o
                0x0000000008000a06                _close
 .text._fstat   0x0000000008000a0c        0xa ./build/Debug/Core/Src/syscalls.o
                0x0000000008000a0c                _fstat
 .text._isatty  0x0000000008000a16        0x4 ./build/Debug/Core/Src/syscalls.o
                0x0000000008000a16                _isatty
 .text._lseek   0x0000000008000a1a        0x4 ./build/Debug/Core/Src/syscalls.o
                0x0000000008000a1a                _lseek
 *fill*         0x0000000008000a1e        0x2 
 .text._sbrk    0x0000000008000a20       0x48 ./build/Debug/Core/Src/sysmem.o
                0x0000000008000a20                _sbrk
 .text.SystemInit
                0x0000000008000a68       0x14 ./build/Debug/Core/Src/system_stm32f4xx.o
                0x0000000008000a68                SystemInit
 .text.HAL_InitTick
                0x0000000008000a7c       0x4c ./build/Debug/Drivers/STM32F4xx_HAL_Driver/Src/stm32f4xx_hal.o
                0x0000000008000a7c                HAL_InitTick
 .text.HAL_Init
                0x0000000008000ac8       0x34 ./build/Debug/Drivers/STM32F4xx_HAL_Driver/Src/stm32f4xx_hal.o
                0x0000000008000ac8                HAL_Init
 .text.HAL_IncTick
                0x0000000008000afc       0x18 ./build/Debug/Drivers/STM32F4xx_HAL_Driver/Src/stm32f4xx_hal.o
                0x0000000008000afc                HAL_IncTick
 .text.HAL_GetTick
                0x0000000008000b14        0xc ./build/Debug/Drivers/STM32F4xx_HAL_Driver/Src/stm32f4xx_hal.o
                0x0000000008000b14                HAL_GetTick
 .text.HAL_NVIC_SetPriorityGrouping
                0x0000000008000b20       0x24 ./build/Debug/Drivers/STM32F4xx_HAL_Driver/Src/stm32f4xx_hal_cortex.o
                0x0000000008000b20                HAL_NVIC_SetPriorityGrouping
 .text.HAL_NVIC_SetPriority
                0x0000000008000b44       0x68 ./build/Debug/Drivers/STM32F4xx_HAL_Driver/Src/stm32f4xx_hal_cortex.o
                0x0000000008000b44                HAL_NVIC_SetPriority
 .text.HAL_SYSTICK_Config
                0x0000000008000bac       0x2c ./build/Debug/Drivers/STM32F4xx_HAL_Driver/Src/stm32f4xx_hal_cortex.o
                0x0000000008000bac                HAL_SYSTICK_Config
 .text.HAL_GPIO_Init
                0x0000000008000bd8      0x1d4 ./build/Debug/Drivers/STM32F4xx_HAL_Driver/Src/stm32f4xx_hal_gpio.o
                0x0000000008000bd8                HAL_GPIO_Init
 .text.HAL_GPIO_WritePin
                0x0000000008000dac        0xc ./build/Debug/Drivers/STM32F4xx_HAL_Driver/Src/stm32f4xx_hal_gpio.o
                0x0000000008000dac                HAL_GPIO_WritePin
 .text.HAL_RCC_OscConfig
                0x0000000008000db8      0x3f8 ./build/Debug/Drivers/STM32F4xx_HAL_Driver/Src/stm32f4xx_hal_rcc.o
                0x0000000008000db8                HAL_RCC_OscConfig
 .text.HAL_RCC_GetSysClockFreq
                0x00000000080011b0       0xd4 ./build/Debug/Drivers/STM32F4xx_HAL_Driver/Src/stm32f4xx_hal_rcc.o
                0x00000000080011b0                HAL_RCC_GetSysClockFreq
 .text.HAL_RCC_ClockConfig
                0x0000000008001284      0x160 ./build/Debug/Drivers/STM32F4xx_HAL_Driver/Src/stm32f4xx_hal_rcc.o
                0x0000000008001284                HAL_RCC_ClockConfig
 .text.HAL_RCC_GetHCLKFreq
                0x00000000080013e4        0xc ./build/Debug/Drivers/STM32F4xx_HAL_Driver/Src/stm32f4xx_hal_rcc.o
                0x00000000080013e4                HAL_RCC_GetHCLKFreq
 .text.HAL_RCC_GetPCLK1Freq
                0x00000000080013f0       0x20 ./build/Debug/Drivers/STM32F4xx_HAL_Driver/Src/stm32f4xx_hal_rcc.o
                0x00000000080013f0                HAL_RCC_GetPCLK1Freq
 .text.HAL_RCC_GetPCLK2Freq
                0x0000000008001410       0x20 ./build/Debug/Drivers/STM32F4xx_HAL_Driver/Src/stm32f4xx_hal_rcc.o
                0x0000000008001410                HAL_RCC_GetPCLK2Freq
 .text.UART_SetConfig
                0x0000000008001430      0x11c ./build/Debug/Drivers/STM32F4xx_HAL_Driver/Src/stm32f4xx_hal_uart.o
 .text.UART_WaitOnFlagUntilTimeout
                0x000000000800154c       0x7e ./build/Debug/Drivers/STM32F4xx_HAL_Driver/Src/stm32f4xx_hal_uart.o
 .text.HAL_UART_Init
                0x00000000080015ca       0x5e ./build/Debug/Drivers/STM32F4xx_HAL_Driver/Src/stm32f4xx_hal_uart.o
                0x00000000080015ca                HAL_UART_Init
 .text.HAL_UART_Transmit
                0x0000000008001628       0xda ./build/Debug/Drivers/STM32F4xx_HAL_Driver/Src/stm32f4xx_hal_uart.o
                0x0000000008001628                HAL_UART_Transmit
 .text.HAL_UART_Receive
                0x0000000008001702       0xe2 ./build/Debug/Drivers/STM32F4xx_HAL_Driver/Src/stm32f4xx_hal_uart.o
                0x0000000008001702                HAL_UART_Receive
 .text.osKernelInitialize
                0x00000000080017e4       0x28 ./build/Debug/Middlewares/Third_Party/FreeRTOS/Source/CMSIS_RTOS_V2/cmsis_os2.o
                0x00000000080017e4                osKernelInitialize
 .text.osKernelStart
                0x000000000800180c       0x38 ./build/Debug/Middlewares/Third_Party/FreeRTOS/Source/CMSIS_RTOS_V2/cmsis_os2.o
                0x000000000800180c                osKernelStart
 .text.osThreadNew
                0x0000000008001844       0xbe ./build/Debug/Middlewares/Third_Party/FreeRTOS/Source/CMSIS_RTOS_V2/cmsis_os2.o
                0x0000000008001844                osThreadNew
 .text.osDelay  0x0000000008001902       0x1c ./build/Debug/Middlewares/Third_Party/FreeRTOS/Source/CMSIS_RTOS_V2/cmsis_os2.o
                0x0000000008001902                osDelay
 .text.osEventFlagsNew
                0x000000000800191e       0x44 ./build/Debug/Middlewares/Third_Party/FreeRTOS/Source/CMSIS_RTOS_V2/cmsis_os2.o
                0x000000000800191e                osEventFlagsNew
 *fill*         0x0000000008001962        0x2 
 .text.osEventFlagsSet
                0x0000000008001964       0x5c ./build/Debug/Middlewares/Third_Party/FreeRTOS/Source/CMSIS_RTOS_V2/cmsis_os2.o
                0x0000000008001964                osEventFlagsSet
 .text.osEventFlagsWait
                0x00000000080019c0       0x76 ./build/Debug/Middlewares/Third_Party/FreeRTOS/Source/CMSIS_RTOS_V2/cmsis_os2.o
                0x00000000080019c0                osEventFlagsWait
 .text.osMessageQueueNew
                0x0000000008001a36       0x98 ./build/Debug/Middlewares/Third_Party/FreeRTOS/Source/CMSIS_RTOS_V2/cmsis_os2.o
                0x0000000008001a36                osMessageQueueNew
 *fill*         0x0000000008001ace        0x2 
 .text.osMessageQueuePut
                0x0000000008001ad0       0x88 ./build/Debug/Middlewares/Third_Party/FreeRTOS/Source/CMSIS_RTOS_V2/cmsis_os2.o
                0x0000000008001ad0                osMessageQueuePut
 .text.osMessageQueueGet
                0x0000000008001b58       0x88 ./build/Debug/Middlewares/Third_Party/FreeRTOS/Source/CMSIS_RTOS_V2/cmsis_os2.o
                0x0000000008001b58                osMessageQueueGet
 .text.vApplicationGetIdleTaskMemory
                0x0000000008001be0       0x18 ./build/Debug/Middlewares/Third_Party/FreeRTOS/Source/CMSIS_RTOS_V2/cmsis_os2.o
                0x0000000008001be0                vApplicationGetIdleTaskMemory
 .text.vApplicationGetTimerTaskMemory
                0x0000000008001bf8       0x18 ./build/Debug/Middlewares/Third_Party/FreeRTOS/Source/CMSIS_RTOS_V2/cmsis_os2.o
                0x0000000008001bf8                vApplicationGetTimerTaskMemory
 .text.prvTestWaitCondition
                0x0000000008001c10       0x1c ./build/Debug/Middlewares/Third_Party/FreeRTOS/Source/event_groups.o
 .text.xEventGroupCreateStatic
                0x0000000008001c2c       0x4a ./build/Debug/Middlewares/Third_Party/FreeRTOS/Source/event_groups.o
                0x0000000008001c2c                xEventGroupCreateStatic
 .text.xEventGroupCreate
                0x0000000008001c76       0x1c ./build/Debug/Middlewares/Third_Party/FreeRTOS/Source/event_groups.o
                0x0000000008001c76                xEventGroupCreate
 *fill*         0x0000000008001c92        0x2 
 .text.xEventGroupWaitBits
                0x0000000008001c94      0x10c ./build/Debug/Middlewares/Third_Party/FreeRTOS/Source/event_groups.o
                0x0000000008001c94                xEventGroupWaitBits
 .text.xEventGroupSetBits
                0x0000000008001da0       0x8e ./build/Debug/Middlewares/Third_Party/FreeRTOS/Source/event_groups.o
                0x0000000008001da0                xEventGroupSetBits
 .text.vEventGroupSetBitsCallback
                0x0000000008001e2e        0x8 ./build/Debug/Middlewares/Third_Party/FreeRTOS/Source/event_groups.o
                0x0000000008001e2e                vEventGroupSetBitsCallback
 *fill*         0x0000000008001e36        0x2 
 .text.xEventGroupSetBitsFromISR
                0x0000000008001e38       0x14 ./build/Debug/Middlewares/Third_Party/FreeRTOS/Source/event_groups.o
                0x0000000008001e38                xEventGroupSetBitsFromISR
 .text.vListInitialise
                0x0000000008001e4c       0x16 ./build/Debug/Middlewares/Third_Party/FreeRTOS/Source/list.o
                0x0000000008001e4c                vListInitialise
 .text.vListInitialiseItem
                0x0000000008001e62        0x6 ./build/Debug/Middlewares/Third_Party/FreeRTOS/Source/list.o
                0x0000000008001e62                vListInitialiseItem
 .text.vListInsertEnd
                0x0000000008001e68       0x16 ./build/Debug/Middlewares/Third_Party/FreeRTOS/Source/list.o
                0x0000000008001e68                vListInsertEnd
 .text.vListInsert
                0x0000000008001e7e       0x34 ./build/Debug/Middlewares/Third_Party/FreeRTOS/Source/list.o
                0x0000000008001e7e                vListInsert
 .text.uxListRemove
                0x0000000008001eb2       0x26 ./build/Debug/Middlewares/Third_Party/FreeRTOS/Source/list.o
                0x0000000008001eb2                uxListRemove
 .text.prvTaskExitError
                0x0000000008001ed8       0x40 ./build/Debug/Middlewares/Third_Party/FreeRTOS/Source/portable/GCC/ARM_CM4F/port.o
 .text.prvPortStartFirstTask
                0x0000000008001f18       0x28 ./build/Debug/Middlewares/Third_Party/FreeRTOS/Source/portable/GCC/ARM_CM4F/port.o
 .text.vPortEnableVFP
                0x0000000008001f40       0x14 ./build/Debug/Middlewares/Third_Party/FreeRTOS/Source/portable/GCC/ARM_CM4F/port.o
 .text.pxPortInitialiseStack
                0x0000000008001f54       0x2c ./build/Debug/Middlewares/Third_Party/FreeRTOS/Source/portable/GCC/ARM_CM4F/port.o
                0x0000000008001f54                pxPortInitialiseStack
 .text.SVC_Handler
                0x0000000008001f80       0x24 ./build/Debug/Middlewares/Third_Party/FreeRTOS/Source/portable/GCC/ARM_CM4F/port.o
                0x0000000008001f80                SVC_Handler
 .text.vPortEnterCritical
                0x0000000008001fa4       0x44 ./build/Debug/Middlewares/Third_Party/FreeRTOS/Source/portable/GCC/ARM_CM4F/port.o
                0x0000000008001fa4                vPortEnterCritical
 .text.vPortExitCritical
                0x0000000008001fe8       0x2c ./build/Debug/Middlewares/Third_Party/FreeRTOS/Source/portable/GCC/ARM_CM4F/port.o
                0x0000000008001fe8                vPortExitCritical
 *fill*         0x0000000008002014        0xc 
 .text.PendSV_Handler
                0x0000000008002020       0x64 ./build/Debug/Middlewares/Third_Party/FreeRTOS/Source/portable/GCC/ARM_CM4F/port.o
                0x0000000008002020                PendSV_Handler
 .text.xPortSysTickHandler
                0x0000000008002084       0x2c ./build/Debug/Middlewares/Third_Party/FreeRTOS/Source/portable/GCC/ARM_CM4F/port.o
                0x0000000008002084                xPortSysTickHandler
 .text.vPortSetupTimerInterrupt
                0x00000000080020b0       0x38 ./build/Debug/Middlewares/Third_Party/FreeRTOS/Source/portable/GCC/ARM_CM4F/port.o
                0x00000000080020b0                vPortSetupTimerInterrupt
 .text.xPortStartScheduler
                0x00000000080020e8      0x110 ./build/Debug/Middlewares/Third_Party/FreeRTOS/Source/portable/GCC/ARM_CM4F/port.o
                0x00000000080020e8                xPortStartScheduler
 .text.vPortValidateInterruptPriority
                0x00000000080021f8       0x5c ./build/Debug/Middlewares/Third_Party/FreeRTOS/Source/portable/GCC/ARM_CM4F/port.o
                0x00000000080021f8                vPortValidateInterruptPriority
 .text.prvHeapInit
                0x0000000008002254       0x64 ./build/Debug/Middlewares/Third_Party/FreeRTOS/Source/portable/MemMang/heap_4.o
 .text.prvInsertBlockIntoFreeList
                0x00000000080022b8       0x58 ./build/Debug/Middlewares/Third_Party/FreeRTOS/Source/portable/MemMang/heap_4.o
 .text.pvPortMalloc
                0x0000000008002310      0x114 ./build/Debug/Middlewares/Third_Party/FreeRTOS/Source/portable/MemMang/heap_4.o
                0x0000000008002310                pvPortMalloc
 .text.vPortFree
                0x0000000008002424       0x7c ./build/Debug/Middlewares/Third_Party/FreeRTOS/Source/portable/MemMang/heap_4.o
                0x0000000008002424                vPortFree
 .text.prvIsQueueFull
                0x00000000080024a0       0x1e ./build/Debug/Middlewares/Third_Party/FreeRTOS/Source/queue.o
 .text.prvIsQueueEmpty
                0x00000000080024be       0x1a ./build/Debug/Middlewares/Third_Party/FreeRTOS/Source/queue.o
 .text.prvCopyDataToQueue
                0x00000000080024d8       0x76 ./build/Debug/Middlewares/Third_Party/FreeRTOS/Source/queue.o
 .text.prvCopyDataFromQueue
                0x000000000800254e       0x24 ./build/Debug/Middlewares/Third_Party/FreeRTOS/Source/queue.o
 .text.prvUnlockQueue
                0x0000000008002572       0x6e ./build/Debug/Middlewares/Third_Party/FreeRTOS/Source/queue.o
 .text.xQueueGenericReset
                0x00000000080025e0       0x84 ./build/Debug/Middlewares/Third_Party/FreeRTOS/Source/queue.o
                0x00000000080025e0                xQueueGenericReset
 .text.prvInitialiseNewQueue
                0x0000000008002664       0x22 ./build/Debug/Middlewares/Third_Party/FreeRTOS/Source/queue.o
 .text.xQueueGenericCreateStatic
                0x0000000008002686       0x94 ./build/Debug/Middlewares/Third_Party/FreeRTOS/Source/queue.o
                0x0000000008002686                xQueueGenericCreateStatic
 .text.xQueueGenericCreate
                0x000000000800271a       0x48 ./build/Debug/Middlewares/Third_Party/FreeRTOS/Source/queue.o
                0x000000000800271a                xQueueGenericCreate
 *fill*         0x0000000008002762        0x2 
 .text.xQueueGenericSend
                0x0000000008002764      0x180 ./build/Debug/Middlewares/Third_Party/FreeRTOS/Source/queue.o
                0x0000000008002764                xQueueGenericSend
 .text.xQueueGenericSendFromISR
                0x00000000080028e4       0xd0 ./build/Debug/Middlewares/Third_Party/FreeRTOS/Source/queue.o
                0x00000000080028e4                xQueueGenericSendFromISR
 .text.xQueueReceive
                0x00000000080029b4      0x15c ./build/Debug/Middlewares/Third_Party/FreeRTOS/Source/queue.o
                0x00000000080029b4                xQueueReceive
 .text.xQueueReceiveFromISR
                0x0000000008002b10       0xac ./build/Debug/Middlewares/Third_Party/FreeRTOS/Source/queue.o
                0x0000000008002b10                xQueueReceiveFromISR
 .text.vQueueAddToRegistry
                0x0000000008002bbc       0x28 ./build/Debug/Middlewares/Third_Party/FreeRTOS/Source/queue.o
                0x0000000008002bbc                vQueueAddToRegistry
 .text.vQueueWaitForMessageRestricted
                0x0000000008002be4       0x52 ./build/Debug/Middlewares/Third_Party/FreeRTOS/Source/queue.o
                0x0000000008002be4                vQueueWaitForMessageRestricted
 *fill*         0x0000000008002c36        0x2 
 .text.prvResetNextTaskUnblockTime
                0x0000000008002c38       0x2c ./build/Debug/Middlewares/Third_Party/FreeRTOS/Source/tasks.o
 .text.prvInitialiseNewTask
                0x0000000008002c64       0xf8 ./build/Debug/Middlewares/Third_Party/FreeRTOS/Source/tasks.o
 .text.prvInitialiseTaskLists
                0x0000000008002d5c       0x68 ./build/Debug/Middlewares/Third_Party/FreeRTOS/Source/tasks.o
 .text.prvAddNewTaskToReadyList
                0x0000000008002dc4       0xac ./build/Debug/Middlewares/Third_Party/FreeRTOS/Source/tasks.o
 .text.prvDeleteTCB
                0x0000000008002e70       0x40 ./build/Debug/Middlewares/Third_Party/FreeRTOS/Source/tasks.o
 .text.prvCheckTasksWaitingTermination
                0x0000000008002eb0       0x4c ./build/Debug/Middlewares/Third_Party/FreeRTOS/Source/tasks.o
 .text.prvIdleTask
                0x0000000008002efc       0x28 ./build/Debug/Middlewares/Third_Party/FreeRTOS/Source/tasks.o
 .text.prvAddCurrentTaskToDelayedList
                0x0000000008002f24       0x7c ./build/Debug/Middlewares/Third_Party/FreeRTOS/Source/tasks.o
 .text.xTaskCreateStatic
                0x0000000008002fa0       0x78 ./build/Debug/Middlewares/Third_Party/FreeRTOS/Source/tasks.o
                0x0000000008002fa0                xTaskCreateStatic
 .text.xTaskCreate
                0x0000000008003018       0x68 ./build/Debug/Middlewares/Third_Party/FreeRTOS/Source/tasks.o
                0x0000000008003018                xTaskCreate
 .text.vTaskStartScheduler
                0x0000000008003080       0xa4 ./build/Debug/Middlewares/Third_Party/FreeRTOS/Source/tasks.o
                0x0000000008003080                vTaskStartScheduler
 .text.vTaskSuspendAll
                0x0000000008003124       0x10 ./build/Debug/Middlewares/Third_Party/FreeRTOS/Source/tasks.o
                0x0000000008003124                vTaskSuspendAll
 .text.xTaskGetTickCount
                0x0000000008003134        0xc ./build/Debug/Middlewares/Third_Party/FreeRTOS/Source/tasks.o
                0x0000000008003134                xTaskGetTickCount
 .text.xTaskIncrementTick
                0x0000000008003140      0x11c ./build/Debug/Middlewares/Third_Party/FreeRTOS/Source/tasks.o
                0x0000000008003140                xTaskIncrementTick
 .text.xTaskResumeAll
                0x000000000800325c       0xfc ./build/Debug/Middlewares/Third_Party/FreeRTOS/Source/tasks.o
                0x000000000800325c                xTaskResumeAll
 .text.vTaskDelay
                0x0000000008003358       0x4c ./build/Debug/Middlewares/Third_Party/FreeRTOS/Source/tasks.o
                0x0000000008003358                vTaskDelay
 .text.vTaskSwitchContext
                0x00000000080033a4       0xa8 ./build/Debug/Middlewares/Third_Party/FreeRTOS/Source/tasks.o
                0x00000000080033a4                vTaskSwitchContext
 .text.vTaskPlaceOnEventList
                0x000000000800344c       0x30 ./build/Debug/Middlewares/Third_Party/FreeRTOS/Source/tasks.o
                0x000000000800344c                vTaskPlaceOnEventList
 .text.vTaskPlaceOnUnorderedEventList
                0x000000000800347c       0x5c ./build/Debug/Middlewares/Third_Party/FreeRTOS/Source/tasks.o
                0x000000000800347c                vTaskPlaceOnUnorderedEventList
 .text.vTaskPlaceOnEventListRestricted
                0x00000000080034d8       0x38 ./build/Debug/Middlewares/Third_Party/FreeRTOS/Source/tasks.o
                0x00000000080034d8                vTaskPlaceOnEventListRestricted
 .text.xTaskRemoveFromEventList
                0x0000000008003510       0x8c ./build/Debug/Middlewares/Third_Party/FreeRTOS/Source/tasks.o
                0x0000000008003510                xTaskRemoveFromEventList
 .text.vTaskRemoveFromUnorderedEventList
                0x000000000800359c       0x88 ./build/Debug/Middlewares/Third_Party/FreeRTOS/Source/tasks.o
                0x000000000800359c                vTaskRemoveFromUnorderedEventList
 .text.vTaskInternalSetTimeOutState
                0x0000000008003624       0x18 ./build/Debug/Middlewares/Third_Party/FreeRTOS/Source/tasks.o
                0x0000000008003624                vTaskInternalSetTimeOutState
 .text.xTaskCheckForTimeOut
                0x000000000800363c       0x84 ./build/Debug/Middlewares/Third_Party/FreeRTOS/Source/tasks.o
                0x000000000800363c                xTaskCheckForTimeOut
 .text.vTaskMissedYield
                0x00000000080036c0        0xc ./build/Debug/Middlewares/Third_Party/FreeRTOS/Source/tasks.o
                0x00000000080036c0                vTaskMissedYield
 .text.xTaskGetSchedulerState
                0x00000000080036cc       0x20 ./build/Debug/Middlewares/Third_Party/FreeRTOS/Source/tasks.o
                0x00000000080036cc                xTaskGetSchedulerState
 .text.xTaskPriorityDisinherit
                0x00000000080036ec       0x90 ./build/Debug/Middlewares/Third_Party/FreeRTOS/Source/tasks.o
                0x00000000080036ec                xTaskPriorityDisinherit
 .text.uxTaskResetEventItemValue
                0x000000000800377c       0x18 ./build/Debug/Middlewares/Third_Party/FreeRTOS/Source/tasks.o
                0x000000000800377c                uxTaskResetEventItemValue
 .text.prvGetNextExpireTime
                0x0000000008003794       0x20 ./build/Debug/Middlewares/Third_Party/FreeRTOS/Source/timers.o
 .text.prvInsertTimerInActiveList
                0x00000000080037b4       0x48 ./build/Debug/Middlewares/Third_Party/FreeRTOS/Source/timers.o
 .text.prvCheckForValidListAndQueue
                0x00000000080037fc       0x70 ./build/Debug/Middlewares/Third_Party/FreeRTOS/Source/timers.o
 .text.xTimerCreateTimerTask
                0x000000000800386c       0x64 ./build/Debug/Middlewares/Third_Party/FreeRTOS/Source/timers.o
                0x000000000800386c                xTimerCreateTimerTask
 .text.xTimerGenericCommand
                0x00000000080038d0       0x6c ./build/Debug/Middlewares/Third_Party/FreeRTOS/Source/timers.o
                0x00000000080038d0                xTimerGenericCommand
 .text.prvSwitchTimerLists
                0x000000000800393c       0x7c ./build/Debug/Middlewares/Third_Party/FreeRTOS/Source/timers.o
 .text.prvSampleTimeNow
                0x00000000080039b8       0x2c ./build/Debug/Middlewares/Third_Party/FreeRTOS/Source/timers.o
 .text.prvProcessExpiredTimer
                0x00000000080039e4       0x6c ./build/Debug/Middlewares/Third_Party/FreeRTOS/Source/timers.o
 .text.prvProcessTimerOrBlockTask
                0x0000000008003a50       0x74 ./build/Debug/Middlewares/Third_Party/FreeRTOS/Source/timers.o
 .text.prvProcessReceivedCommands
                0x0000000008003ac4      0x110 ./build/Debug/Middlewares/Third_Party/FreeRTOS/Source/timers.o
 .text.prvTimerTask
                0x0000000008003bd4       0x16 ./build/Debug/Middlewares/Third_Party/FreeRTOS/Source/timers.o
 *fill*         0x0000000008003bea        0x2 
 .text.xTimerPendFunctionCallFromISR
                0x0000000008003bec       0x28 ./build/Debug/Middlewares/Third_Party/FreeRTOS/Source/timers.o
                0x0000000008003bec                xTimerPendFunctionCallFromISR
 .text.Reset_Handler
                0x0000000008003c14       0x50 ./build/Debug/Core/Startup/startup_stm32f405rgtx.o
                0x0000000008003c14                Reset_Handler
 .text.Default_Handler
                0x0000000008003c64        0x2 ./build/Debug/Core/Startup/startup_stm32f405rgtx.o
                0x0000000008003c64                RTC_Alarm_IRQHandler
                0x0000000008003c64                HASH_RNG_IRQHandler
                0x0000000008003c64                EXTI2_IRQHandler
                0x0000000008003c64                TIM8_CC_IRQHandler
                0x0000000008003c64                TIM1_CC_IRQHandler
                0x0000000008003c64                DMA2_Stream5_IRQHandler
                0x0000000008003c64                DMA1_Stream5_IRQHandler
                0x0000000008003c64                PVD_IRQHandler
                0x0000000008003c64                SDIO_IRQHandler
                0x0000000008003c64                TAMP_STAMP_IRQHandler
                0x0000000008003c64                CAN2_RX1_IRQHandler
                0x0000000008003c64                EXTI3_IRQHandler
                0x0000000008003c64                TIM8_TRG_COM_TIM14_IRQHandler
                0x0000000008003c64                TIM1_UP_TIM10_IRQHandler
                0x0000000008003c64                TIM8_UP_TIM13_IRQHandler
                0x0000000008003c64                I2C3_ER_IRQHandler
                0x0000000008003c64                EXTI0_IRQHandler
                0x0000000008003c64                I2C2_EV_IRQHandler
                0x0000000008003c64                DMA1_Stream2_IRQHandler
                0x0000000008003c64                CAN1_RX0_IRQHandler
                0x0000000008003c64                FPU_IRQHandler
                0x0000000008003c64                OTG_HS_WKUP_IRQHandler
                0x0000000008003c64                CAN2_SCE_IRQHandler
                0x0000000008003c64                DMA2_Stream2_IRQHandler
                0x0000000008003c64                SPI1_IRQHandler
                0x0000000008003c64                TIM6_DAC_IRQHandler
                0x0000000008003c64                TIM1_BRK_TIM9_IRQHandler
                0x0000000008003c64                CAN2_RX0_IRQHandler
                0x0000000008003c64                DMA2_Stream3_IRQHandler
                0x0000000008003c64                USART6_IRQHandler
                0x0000000008003c64                USART3_IRQHandler
                0x0000000008003c64                CAN1_RX1_IRQHandler
                0x0000000008003c64                UART5_IRQHandler
                0x0000000008003c64                DMA2_Stream0_IRQHandler
                0x0000000008003c64                TIM4_IRQHandler
                0x0000000008003c64                I2C1_EV_IRQHandler
                0x0000000008003c64                DMA1_Stream6_IRQHandler
                0x0000000008003c64                DMA1_Stream1_IRQHandler
                0x0000000008003c64                UART4_IRQHandler
                0x0000000008003c64                TIM3_IRQHandler
                0x0000000008003c64                RCC_IRQHandler
                0x0000000008003c64                TIM8_BRK_TIM12_IRQHandler
                0x0000000008003c64                Default_Handler
                0x0000000008003c64                EXTI15_10_IRQHandler
                0x0000000008003c64                ADC_IRQHandler
                0x0000000008003c64                DMA1_Stream7_IRQHandler
                0x0000000008003c64                TIM7_IRQHandler
                0x0000000008003c64                CAN2_TX_IRQHandler
                0x0000000008003c64                TIM5_IRQHandler
                0x0000000008003c64                DMA2_Stream7_IRQHandler
                0x0000000008003c64                I2C3_EV_IRQHandler
                0x0000000008003c64                EXTI9_5_IRQHandler
                0x0000000008003c64                RTC_WKUP_IRQHandler
                0x0000000008003c64                SPI2_IRQHandler
                0x0000000008003c64                OTG_HS_EP1_IN_IRQHandler
                0x0000000008003c64                DMA1_Stream0_IRQHandler
                0x0000000008003c64                CAN1_TX_IRQHandler
                0x0000000008003c64                EXTI4_IRQHandler
                0x0000000008003c64                FSMC_IRQHandler
                0x0000000008003c64                OTG_HS_EP1_OUT_IRQHandler
                0x0000000008003c64                WWDG_IRQHandler
                0x0000000008003c64                TIM2_IRQHandler
                0x0000000008003c64                OTG_FS_WKUP_IRQHandler
                0x0000000008003c64                TIM1_TRG_COM_TIM11_IRQHandler
                0x0000000008003c64                OTG_HS_IRQHandler
                0x0000000008003c64                EXTI1_IRQHandler
                0x0000000008003c64                USART2_IRQHandler
                0x0000000008003c64                I2C2_ER_IRQHandler
                0x0000000008003c64                DMA2_Stream1_IRQHandler
                0x0000000008003c64                CAN1_SCE_IRQHandler
                0x0000000008003c64                FLASH_IRQHandler
                0x0000000008003c64                DMA2_Stream4_IRQHandler
                0x0000000008003c64                USART1_IRQHandler
                0x0000000008003c64                OTG_FS_IRQHandler
                0x0000000008003c64                SPI3_IRQHandler
                0x0000000008003c64                DMA1_Stream4_IRQHandler
                0x0000000008003c64                I2C1_ER_IRQHandler
                0x0000000008003c64                DMA2_Stream6_IRQHandler
                0x0000000008003c64                DMA1_Stream3_IRQHandler
 *fill*         0x0000000008003c66        0x2 
 .text.__udivmoddi4
                0x0000000008003c68      0x2d0 c:/users/admin/.platformio/packages/toolchain-gccarmnoneeabi@1.80201.190214/bin/../lib/gcc/arm-none-eabi/8.2.1/thumb/v7e-m+fp/softfp\libgcc.a(_udivmoddi4.o)
                0x0000000008003c68                __udivmoddi4
 .text.__errno  0x0000000008003f38        0xc c:/users/admin/.platformio/packages/toolchain-gccarmnoneeabi@1.80201.190214/bin/../lib/gcc/arm-none-eabi/8.2.1/../../../../arm-none-eabi/lib/thumb/v7e-m+fp/softfp\libc.a(lib_a-errno.o)
                0x0000000008003f38                __errno
 .text.__libc_init_array
                0x0000000008003f44       0x48 c:/users/admin/.platformio/packages/toolchain-gccarmnoneeabi@1.80201.190214/bin/../lib/gcc/arm-none-eabi/8.2.1/../../../../arm-none-eabi/lib/thumb/v7e-m+fp/softfp\libc.a(lib_a-init.o)
                0x0000000008003f44                __libc_init_array
 .text.memset   0x0000000008003f8c       0xa0 c:/users/admin/.platformio/packages/toolchain-gccarmnoneeabi@1.80201.190214/bin/../lib/gcc/arm-none-eabi/8.2.1/../../../../arm-none-eabi/lib/thumb/v7e-m+fp/softfp\libc.a(lib_a-memset.o)
                0x0000000008003f8c                memset
 .text._puts_r  0x000000000800402c       0x9c c:/users/admin/.platformio/packages/toolchain-gccarmnoneeabi@1.80201.190214/bin/../lib/gcc/arm-none-eabi/8.2.1/../../../../arm-none-eabi/lib/thumb/v7e-m+fp/softfp\libc.a(lib_a-puts.o)
                0x000000000800402c                _puts_r
 .text.puts     0x00000000080040c8       0x10 c:/users/admin/.platformio/packages/toolchain-gccarmnoneeabi@1.80201.190214/bin/../lib/gcc/arm-none-eabi/8.2.1/../../../../arm-none-eabi/lib/thumb/v7e-m+fp/softfp\libc.a(lib_a-puts.o)
                0x00000000080040c8                puts
 .text.cleanup_glue
                0x00000000080040d8       0x1c c:/users/admin/.platformio/packages/toolchain-gccarmnoneeabi@1.80201.190214/bin/../lib/gcc/arm-none-eabi/8.2.1/../../../../arm-none-eabi/lib/thumb/v7e-m+fp/softfp\libc.a(lib_a-reent.o)
                0x00000000080040d8                cleanup_glue
 .text._reclaim_reent
                0x00000000080040f4       0x88 c:/users/admin/.platformio/packages/toolchain-gccarmnoneeabi@1.80201.190214/bin/../lib/gcc/arm-none-eabi/8.2.1/../../../../arm-none-eabi/lib/thumb/v7e-m+fp/softfp\libc.a(lib_a-reent.o)
                0x00000000080040f4                _reclaim_reent
 .text.startup.register_fini
                0x000000000800417c       0x14 c:/users/admin/.platformio/packages/toolchain-gccarmnoneeabi@1.80201.190214/bin/../lib/gcc/arm-none-eabi/8.2.1/../../../../arm-none-eabi/lib/thumb/v7e-m+fp/softfp\libc.a(lib_a-__call_atexit.o)
 .text.atexit   0x0000000008004190        0xc c:/users/admin/.platformio/packages/toolchain-gccarmnoneeabi@1.80201.190214/bin/../lib/gcc/arm-none-eabi/8.2.1/../../../../arm-none-eabi/lib/thumb/v7e-m+fp/softfp\libc.a(lib_a-atexit.o)
                0x0000000008004190                atexit
 .text.std      0x000000000800419c       0x50 c:/users/admin/.platformio/packages/toolchain-gccarmnoneeabi@1.80201.190214/bin/../lib/gcc/arm-none-eabi/8.2.1/../../../../arm-none-eabi/lib/thumb/v7e-m+fp/softfp\libc.a(lib_a-findfp.o)
 .text._cleanup_r
                0x00000000080041ec        0xc c:/users/admin/.platformio/packages/toolchain-gccarmnoneeabi@1.80201.190214/bin/../lib/gcc/arm-none-eabi/8.2.1/../../../../arm-none-eabi/lib/thumb/v7e-m+fp/softfp\libc.a(lib_a-findfp.o)
                0x00000000080041ec                _cleanup_r
 .text.__sinit  0x00000000080041f8       0x54 c:/users/admin/.platformio/packages/toolchain-gccarmnoneeabi@1.80201.190214/bin/../lib/gcc/arm-none-eabi/8.2.1/../../../../arm-none-eabi/lib/thumb/v7e-m+fp/softfp\libc.a(lib_a-findfp.o)
                0x00000000080041f8                __sinit
 .text.__sfp_lock_acquire
                0x000000000800424c        0xc c:/users/admin/.platformio/packages/toolchain-gccarmnoneeabi@1.80201.190214/bin/../lib/gcc/arm-none-eabi/8.2.1/../../../../arm-none-eabi/lib/thumb/v7e-m+fp/softfp\libc.a(lib_a-findfp.o)
                0x000000000800424c                __sfp_lock_acquire
 .text.__sfp_lock_release
                0x0000000008004258        0xc c:/users/admin/.platformio/packages/toolchain-gccarmnoneeabi@1.80201.190214/bin/../lib/gcc/arm-none-eabi/8.2.1/../../../../arm-none-eabi/lib/thumb/v7e-m+fp/softfp\libc.a(lib_a-findfp.o)
                0x0000000008004258                __sfp_lock_release
 .text.__libc_fini_array
                0x0000000008004264       0x34 c:/users/admin/.platformio/packages/toolchain-gccarmnoneeabi@1.80201.190214/bin/../lib/gcc/arm-none-eabi/8.2.1/../../../../arm-none-eabi/lib/thumb/v7e-m+fp/softfp\libc.a(lib_a-fini.o)
                0x0000000008004264                __libc_fini_array
 .text._malloc_trim_r
                0x0000000008004298       0xa0 c:/users/admin/.platformio/packages/toolchain-gccarmnoneeabi@1.80201.190214/bin/../lib/gcc/arm-none-eabi/8.2.1/../../../../arm-none-eabi/lib/thumb/v7e-m+fp/softfp\libc.a(lib_a-freer.o)
                0x0000000008004298                _malloc_trim_r
 .text._free_r  0x0000000008004338      0x1ec c:/users/admin/.platformio/packages/toolchain-gccarmnoneeabi@1.80201.190214/bin/../lib/gcc/arm-none-eabi/8.2.1/../../../../arm-none-eabi/lib/thumb/v7e-m+fp/softfp\libc.a(lib_a-freer.o)
                0x0000000008004338                _free_r
 .text.__sfvwrite_r
                0x0000000008004524      0x308 c:/users/admin/.platformio/packages/toolchain-gccarmnoneeabi@1.80201.190214/bin/../lib/gcc/arm-none-eabi/8.2.1/../../../../arm-none-eabi/lib/thumb/v7e-m+fp/softfp\libc.a(lib_a-fvwrite.o)
                0x0000000008004524                __sfvwrite_r
 .text._fwalk_reent
                0x000000000800482c       0x54 c:/users/admin/.platformio/packages/toolchain-gccarmnoneeabi@1.80201.190214/bin/../lib/gcc/arm-none-eabi/8.2.1/../../../../arm-none-eabi/lib/thumb/v7e-m+fp/softfp\libc.a(lib_a-fwalk.o)
                0x000000000800482c                _fwalk_reent
 .text.__retarget_lock_init_recursive
                0x0000000008004880        0x4 c:/users/admin/.platformio/packages/toolchain-gccarmnoneeabi@1.80201.190214/bin/../lib/gcc/arm-none-eabi/8.2.1/../../../../arm-none-eabi/lib/thumb/v7e-m+fp/softfp\libc.a(lib_a-lock.o)
                0x0000000008004880                __retarget_lock_init_recursive
 .text.__retarget_lock_close_recursive
                0x0000000008004884        0x4 c:/users/admin/.platformio/packages/toolchain-gccarmnoneeabi@1.80201.190214/bin/../lib/gcc/arm-none-eabi/8.2.1/../../../../arm-none-eabi/lib/thumb/v7e-m+fp/softfp\libc.a(lib_a-lock.o)
                0x0000000008004884                __retarget_lock_close_recursive
 .text.__retarget_lock_acquire_recursive
                0x0000000008004888        0x4 c:/users/admin/.platformio/packages/toolchain-gccarmnoneeabi@1.80201.190214/bin/../lib/gcc/arm-none-eabi/8.2.1/../../../../arm-none-eabi/lib/thumb/v7e-m+fp/softfp\libc.a(lib_a-lock.o)
                0x0000000008004888                __retarget_lock_acquire_recursive
 .text.__retarget_lock_release_recursive
                0x000000000800488c        0x4 c:/users/admin/.platformio/packages/toolchain-gccarmnoneeabi@1.80201.190214/bin/../lib/gcc/arm-none-eabi/8.2.1/../../../../arm-none-eabi/lib/thumb/v7e-m+fp/softfp\libc.a(lib_a-lock.o)
                0x000000000800488c                __retarget_lock_release_recursive
 .text._malloc_r
                0x0000000008004890      0x570 c:/users/admin/.platformio/packages/toolchain-gccarmnoneeabi@1.80201.190214/bin/../lib/gcc/arm-none-eabi/8.2.1/../../../../arm-none-eabi/lib/thumb/v7e-m+fp/softfp\libc.a(lib_a-mallocr.o)
                0x0000000008004890                _malloc_r
 .text.memmove  0x0000000008004e00       0xd0 c:/users/admin/.platformio/packages/toolchain-gccarmnoneeabi@1.80201.190214/bin/../lib/gcc/arm-none-eabi/8.2.1/../../../../arm-none-eabi/lib/thumb/v7e-m+fp/softfp\libc.a(lib_a-memmove.o)
                0x0000000008004e00                memmove
 .text.__malloc_lock
                0x0000000008004ed0        0xc c:/users/admin/.platformio/packages/toolchain-gccarmnoneeabi@1.80201.190214/bin/../lib/gcc/arm-none-eabi/8.2.1/../../../../arm-none-eabi/lib/thumb/v7e-m+fp/softfp\libc.a(lib_a-mlock.o)
                0x0000000008004ed0                __malloc_lock
 .text.__malloc_unlock
                0x0000000008004edc        0xc c:/users/admin/.platformio/packages/toolchain-gccarmnoneeabi@1.80201.190214/bin/../lib/gcc/arm-none-eabi/8.2.1/../../../../arm-none-eabi/lib/thumb/v7e-m+fp/softfp\libc.a(lib_a-mlock.o)
                0x0000000008004edc                __malloc_unlock
 .text._realloc_r
                0x0000000008004ee8      0x36c c:/users/admin/.platformio/packages/toolchain-gccarmnoneeabi@1.80201.190214/bin/../lib/gcc/arm-none-eabi/8.2.1/../../../../arm-none-eabi/lib/thumb/v7e-m+fp/softfp\libc.a(lib_a-reallocr.o)
                0x0000000008004ee8                _realloc_r
 .text._sbrk_r  0x0000000008005254       0x24 c:/users/admin/.platformio/packages/toolchain-gccarmnoneeabi@1.80201.190214/bin/../lib/gcc/arm-none-eabi/8.2.1/../../../../arm-none-eabi/lib/thumb/v7e-m+fp/softfp\libc.a(lib_a-sbrkr.o)
                0x0000000008005254                _sbrk_r
 .text.__sread  0x0000000008005278       0x24 c:/users/admin/.platformio/packages/toolchain-gccarmnoneeabi@1.80201.190214/bin/../lib/gcc/arm-none-eabi/8.2.1/../../../../arm-none-eabi/lib/thumb/v7e-m+fp/softfp\libc.a(lib_a-stdio.o)
                0x0000000008005278                __sread
 .text.__swrite
                0x000000000800529c       0x40 c:/users/admin/.platformio/packages/toolchain-gccarmnoneeabi@1.80201.190214/bin/../lib/gcc/arm-none-eabi/8.2.1/../../../../arm-none-eabi/lib/thumb/v7e-m+fp/softfp\libc.a(lib_a-stdio.o)
                0x000000000800529c                __swrite
 .text.__sseek  0x00000000080052dc       0x20 c:/users/admin/.platformio/packages/toolchain-gccarmnoneeabi@1.80201.190214/bin/../lib/gcc/arm-none-eabi/8.2.1/../../../../arm-none-eabi/lib/thumb/v7e-m+fp/softfp\libc.a(lib_a-stdio.o)
                0x00000000080052dc                __sseek
 .text.__sclose
                0x00000000080052fc        0x8 c:/users/admin/.platformio/packages/toolchain-gccarmnoneeabi@1.80201.190214/bin/../lib/gcc/arm-none-eabi/8.2.1/../../../../arm-none-eabi/lib/thumb/v7e-m+fp/softfp\libc.a(lib_a-stdio.o)
                0x00000000080052fc                __sclose
 .text._write_r
                0x0000000008005304       0x2c c:/users/admin/.platformio/packages/toolchain-gccarmnoneeabi@1.80201.190214/bin/../lib/gcc/arm-none-eabi/8.2.1/../../../../arm-none-eabi/lib/thumb/v7e-m+fp/softfp\libc.a(lib_a-writer.o)
                0x0000000008005304                _write_r
 .text.__swsetup_r
                0x0000000008005330       0xd0 c:/users/admin/.platformio/packages/toolchain-gccarmnoneeabi@1.80201.190214/bin/../lib/gcc/arm-none-eabi/8.2.1/../../../../arm-none-eabi/lib/thumb/v7e-m+fp/softfp\libc.a(lib_a-wsetup.o)
                0x0000000008005330                __swsetup_r
 .text.__register_exitproc
                0x0000000008005400       0x88 c:/users/admin/.platformio/packages/toolchain-gccarmnoneeabi@1.80201.190214/bin/../lib/gcc/arm-none-eabi/8.2.1/../../../../arm-none-eabi/lib/thumb/v7e-m+fp/softfp\libc.a(lib_a-__atexit.o)
                0x0000000008005400                __register_exitproc
 .text._close_r
                0x0000000008005488       0x24 c:/users/admin/.platformio/packages/toolchain-gccarmnoneeabi@1.80201.190214/bin/../lib/gcc/arm-none-eabi/8.2.1/../../../../arm-none-eabi/lib/thumb/v7e-m+fp/softfp\libc.a(lib_a-closer.o)
                0x0000000008005488                _close_r
 .text._fclose_r
                0x00000000080054ac       0xd0 c:/users/admin/.platformio/packages/toolchain-gccarmnoneeabi@1.80201.190214/bin/../lib/gcc/arm-none-eabi/8.2.1/../../../../arm-none-eabi/lib/thumb/v7e-m+fp/softfp\libc.a(lib_a-fclose.o)
                0x00000000080054ac                _fclose_r
 .text.__sflush_r
                0x000000000800557c      0x14c c:/users/admin/.platformio/packages/toolchain-gccarmnoneeabi@1.80201.190214/bin/../lib/gcc/arm-none-eabi/8.2.1/../../../../arm-none-eabi/lib/thumb/v7e-m+fp/softfp\libc.a(lib_a-fflush.o)
                0x000000000800557c                __sflush_r
 .text._fflush_r
                0x00000000080056c8       0x5c c:/users/admin/.platformio/packages/toolchain-gccarmnoneeabi@1.80201.190214/bin/../lib/gcc/arm-none-eabi/8.2.1/../../../../arm-none-eabi/lib/thumb/v7e-m+fp/softfp\libc.a(lib_a-fflush.o)
                0x00000000080056c8                _fflush_r
 .text._lseek_r
                0x0000000008005724       0x2c c:/users/admin/.platformio/packages/toolchain-gccarmnoneeabi@1.80201.190214/bin/../lib/gcc/arm-none-eabi/8.2.1/../../../../arm-none-eabi/lib/thumb/v7e-m+fp/softfp\libc.a(lib_a-lseekr.o)
                0x0000000008005724                _lseek_r
 .text.__swhatbuf_r
                0x0000000008005750       0x5c c:/users/admin/.platformio/packages/toolchain-gccarmnoneeabi@1.80201.190214/bin/../lib/gcc/arm-none-eabi/8.2.1/../../../../arm-none-eabi/lib/thumb/v7e-m+fp/softfp\libc.a(lib_a-makebuf.o)
                0x0000000008005750                __swhatbuf_r
 .text.__smakebuf_r
                0x00000000080057ac       0x94 c:/users/admin/.platformio/packages/toolchain-gccarmnoneeabi@1.80201.190214/bin/../lib/gcc/arm-none-eabi/8.2.1/../../../../arm-none-eabi/lib/thumb/v7e-m+fp/softfp\libc.a(lib_a-makebuf.o)
                0x00000000080057ac                __smakebuf_r
 .text._read_r  0x0000000008005840       0x2c c:/users/admin/.platformio/packages/toolchain-gccarmnoneeabi@1.80201.190214/bin/../lib/gcc/arm-none-eabi/8.2.1/../../../../arm-none-eabi/lib/thumb/v7e-m+fp/softfp\libc.a(lib_a-readr.o)
                0x0000000008005840                _read_r
 .text._fstat_r
                0x000000000800586c       0x28 c:/users/admin/.platformio/packages/toolchain-gccarmnoneeabi@1.80201.190214/bin/../lib/gcc/arm-none-eabi/8.2.1/../../../../arm-none-eabi/lib/thumb/v7e-m+fp/softfp\libc.a(lib_a-fstatr.o)
                0x000000000800586c                _fstat_r
 .text._isatty_r
                0x0000000008005894       0x24 c:/users/admin/.platformio/packages/toolchain-gccarmnoneeabi@1.80201.190214/bin/../lib/gcc/arm-none-eabi/8.2.1/../../../../arm-none-eabi/lib/thumb/v7e-m+fp/softfp\libc.a(lib_a-isattyr.o)
                0x0000000008005894                _isatty_r
 *(.glue_7)
 .glue_7        0x00000000080058b8        0x0 linker stubs
 *(.glue_7t)
 .glue_7t       0x00000000080058b8        0x0 linker stubs
 *(.eh_frame)
 .eh_frame      0x00000000080058b8        0x0 c:/users/admin/.platformio/packages/toolchain-gccarmnoneeabi@1.80201.190214/bin/../lib/gcc/arm-none-eabi/8.2.1/thumb/v7e-m+fp/softfp/crtbegin.o
 *(.init)
 .init          0x00000000080058b8        0x4 c:/users/admin/.platformio/packages/toolchain-gccarmnoneeabi@1.80201.190214/bin/../lib/gcc/arm-none-eabi/8.2.1/thumb/v7e-m+fp/softfp/crti.o
                0x00000000080058b8                _init
 .init          0x00000000080058bc        0x8 c:/users/admin/.platformio/packages/toolchain-gccarmnoneeabi@1.80201.190214/bin/../lib/gcc/arm-none-eabi/8.2.1/thumb/v7e-m+fp/softfp/crtn.o
 *(.fini)
 .fini          0x00000000080058c4        0x4 c:/users/admin/.platformio/packages/toolchain-gccarmnoneeabi@1.80201.190214/bin/../lib/gcc/arm-none-eabi/8.2.1/thumb/v7e-m+fp/softfp/crti.o
                0x00000000080058c4                _fini
 .fini          0x00000000080058c8        0x8 c:/users/admin/.platformio/packages/toolchain-gccarmnoneeabi@1.80201.190214/bin/../lib/gcc/arm-none-eabi/8.2.1/thumb/v7e-m+fp/softfp/crtn.o
                0x00000000080058d0                . = ALIGN (0x4)
                0x00000000080058d0                _etext = .

.vfp11_veneer   0x00000000080058d0        0x0
 .vfp11_veneer  0x00000000080058d0        0x0 linker stubs

.v4_bx          0x00000000080058d0        0x0
 .v4_bx         0x00000000080058d0        0x0 linker stubs

.iplt           0x00000000080058d0        0x0
 .iplt          0x00000000080058d0        0x0 c:/users/admin/.platformio/packages/toolchain-gccarmnoneeabi@1.80201.190214/bin/../lib/gcc/arm-none-eabi/8.2.1/thumb/v7e-m+fp/softfp/crtbegin.o

.rodata         0x00000000080058d0      0x120
                0x00000000080058d0                . = ALIGN (0x4)
 *(.rodata)
 *(.rodata*)
 .rodata.Task1_attributes
                0x00000000080058d0       0x24 ./build/Debug/Core/Src/main.o
                0x00000000080058d0                Task1_attributes
 .rodata.Task2_attributes
                0x00000000080058f4       0x24 ./build/Debug/Core/Src/main.o
                0x00000000080058f4                Task2_attributes
 .rodata.Task3_attributes
                0x0000000008005918       0x24 ./build/Debug/Core/Src/main.o
                0x0000000008005918                Task3_attributes
 .rodata.UARTFlags_attributes
                0x000000000800593c       0x10 ./build/Debug/Core/Src/main.o
                0x000000000800593c                UARTFlags_attributes
 .rodata.UARTdataQueue_attributes
                0x000000000800594c       0x18 ./build/Debug/Core/Src/main.o
                0x000000000800594c                UARTdataQueue_attributes
 .rodata.controlLEDs.str1.4
                0x0000000008005964        0xc ./build/Debug/Core/Src/main.o
 .rodata.printUART.str1.4
                0x0000000008005970       0x13 ./build/Debug/Core/Src/main.o
 *fill*         0x0000000008005983        0x1 
 .rodata.str1.4
                0x0000000008005984       0x32 ./build/Debug/Core/Src/main.o
 *fill*         0x00000000080059b6        0x2 
 .rodata.AHBPrescTable
                0x00000000080059b8       0x10 ./build/Debug/Core/Src/system_stm32f4xx.o
                0x00000000080059b8                AHBPrescTable
 .rodata.APBPrescTable
                0x00000000080059c8        0x8 ./build/Debug/Core/Src/system_stm32f4xx.o
                0x00000000080059c8                APBPrescTable
 .rodata.vTaskStartScheduler.str1.4
                0x00000000080059d0        0x5 ./build/Debug/Middlewares/Third_Party/FreeRTOS/Source/tasks.o
 *fill*         0x00000000080059d5        0x3 
 .rodata.prvCheckForValidListAndQueue.str1.4
                0x00000000080059d8        0x5 ./build/Debug/Middlewares/Third_Party/FreeRTOS/Source/timers.o
 *fill*         0x00000000080059dd        0x3 
 .rodata.xTimerCreateTimerTask.str1.4
                0x00000000080059e0        0x8 ./build/Debug/Middlewares/Third_Party/FreeRTOS/Source/timers.o
 .rodata._global_impure_ptr
                0x00000000080059e8        0x4 c:/users/admin/.platformio/packages/toolchain-gccarmnoneeabi@1.80201.190214/bin/../lib/gcc/arm-none-eabi/8.2.1/../../../../arm-none-eabi/lib/thumb/v7e-m+fp/softfp\libc.a(lib_a-impure.o)
                0x00000000080059e8                _global_impure_ptr
 .rodata._puts_r.str1.4
                0x00000000080059ec        0x4 c:/users/admin/.platformio/packages/toolchain-gccarmnoneeabi@1.80201.190214/bin/../lib/gcc/arm-none-eabi/8.2.1/../../../../arm-none-eabi/lib/thumb/v7e-m+fp/softfp\libc.a(lib_a-puts.o)
                                          0x2 (size before relaxing)
                0x00000000080059f0                . = ALIGN (0x4)

.ARM.extab      0x00000000080059f0        0x0
                0x00000000080059f0                . = ALIGN (0x4)
 *(.ARM.extab* .gnu.linkonce.armextab.*)
                0x00000000080059f0                . = ALIGN (0x4)

.ARM            0x00000000080059f0        0x8
                0x00000000080059f0                . = ALIGN (0x4)
                0x00000000080059f0                __exidx_start = .
 *(.ARM.exidx*)
 .ARM.exidx.text.__udivmoddi4
                0x00000000080059f0        0x8 c:/users/admin/.platformio/packages/toolchain-gccarmnoneeabi@1.80201.190214/bin/../lib/gcc/arm-none-eabi/8.2.1/thumb/v7e-m+fp/softfp\libgcc.a(_udivmoddi4.o)
                0x00000000080059f8                __exidx_end = .
                0x00000000080059f8                . = ALIGN (0x4)

.rel.dyn        0x00000000080059f8        0x0
 .rel.iplt      0x00000000080059f8        0x0 c:/users/admin/.platformio/packages/toolchain-gccarmnoneeabi@1.80201.190214/bin/../lib/gcc/arm-none-eabi/8.2.1/thumb/v7e-m+fp/softfp/crtbegin.o

.preinit_array  0x00000000080059f8        0x0
                0x00000000080059f8                . = ALIGN (0x4)
                0x00000000080059f8                PROVIDE (__preinit_array_start = .)
 *(.preinit_array*)
                0x00000000080059f8                PROVIDE (__preinit_array_end = .)
                0x00000000080059f8                . = ALIGN (0x4)

.init_array     0x00000000080059f8        0x8
                0x00000000080059f8                . = ALIGN (0x4)
                0x00000000080059f8                PROVIDE (__init_array_start = .)
 *(SORT_BY_NAME(.init_array.*))
 .init_array.00000
                0x00000000080059f8        0x4 c:/users/admin/.platformio/packages/toolchain-gccarmnoneeabi@1.80201.190214/bin/../lib/gcc/arm-none-eabi/8.2.1/../../../../arm-none-eabi/lib/thumb/v7e-m+fp/softfp\libc.a(lib_a-__call_atexit.o)
 *(.init_array*)
 .init_array    0x00000000080059fc        0x4 c:/users/admin/.platformio/packages/toolchain-gccarmnoneeabi@1.80201.190214/bin/../lib/gcc/arm-none-eabi/8.2.1/thumb/v7e-m+fp/softfp/crtbegin.o
                0x0000000008005a00                PROVIDE (__init_array_end = .)
                0x0000000008005a00                . = ALIGN (0x4)

.fini_array     0x0000000008005a00        0x4
                0x0000000008005a00                . = ALIGN (0x4)
                0x0000000008005a00                PROVIDE (__fini_array_start = .)
 *(SORT_BY_NAME(.fini_array.*))
 *(.fini_array*)
 .fini_array    0x0000000008005a00        0x4 c:/users/admin/.platformio/packages/toolchain-gccarmnoneeabi@1.80201.190214/bin/../lib/gcc/arm-none-eabi/8.2.1/thumb/v7e-m+fp/softfp/crtbegin.o
                0x0000000008005a04                PROVIDE (__fini_array_end = .)
                0x0000000008005a04                . = ALIGN (0x4)
                0x0000000008005a04                _sidata = LOADADDR (.data)

.data           0x0000000020000000      0x854 load address 0x0000000008005a04
                0x0000000020000000                . = ALIGN (0x4)
                0x0000000020000000                _sdata = .
 *(.data)
 *(.data*)
 .data.SystemCoreClock
                0x0000000020000000        0x4 ./build/Debug/Core/Src/system_stm32f4xx.o
                0x0000000020000000                SystemCoreClock
 .data.uwTickFreq
                0x0000000020000004        0x1 ./build/Debug/Drivers/STM32F4xx_HAL_Driver/Src/stm32f4xx_hal.o
                0x0000000020000004                uwTickFreq
 *fill*         0x0000000020000005        0x3 
 .data.uwTickPrio
                0x0000000020000008        0x4 ./build/Debug/Drivers/STM32F4xx_HAL_Driver/Src/stm32f4xx_hal.o
                0x0000000020000008                uwTickPrio
 .data.uxCriticalNesting
                0x000000002000000c        0x4 ./build/Debug/Middlewares/Third_Party/FreeRTOS/Source/portable/GCC/ARM_CM4F/port.o
 .data._impure_ptr
                0x0000000020000010        0x4 c:/users/admin/.platformio/packages/toolchain-gccarmnoneeabi@1.80201.190214/bin/../lib/gcc/arm-none-eabi/8.2.1/../../../../arm-none-eabi/lib/thumb/v7e-m+fp/softfp\libc.a(lib_a-impure.o)
                0x0000000020000010                _impure_ptr
 *fill*         0x0000000020000014        0x4 
 .data.impure_data
                0x0000000020000018      0x428 c:/users/admin/.platformio/packages/toolchain-gccarmnoneeabi@1.80201.190214/bin/../lib/gcc/arm-none-eabi/8.2.1/../../../../arm-none-eabi/lib/thumb/v7e-m+fp/softfp\libc.a(lib_a-impure.o)
 .data.__atexit_recursive_mutex
                0x0000000020000440        0x4 c:/users/admin/.platformio/packages/toolchain-gccarmnoneeabi@1.80201.190214/bin/../lib/gcc/arm-none-eabi/8.2.1/../../../../arm-none-eabi/lib/thumb/v7e-m+fp/softfp\libc.a(lib_a-__call_atexit.o)
                0x0000000020000440                __atexit_recursive_mutex
 .data.__malloc_av_
                0x0000000020000444      0x408 c:/users/admin/.platformio/packages/toolchain-gccarmnoneeabi@1.80201.190214/bin/../lib/gcc/arm-none-eabi/8.2.1/../../../../arm-none-eabi/lib/thumb/v7e-m+fp/softfp\libc.a(lib_a-mallocr.o)
                0x0000000020000444                __malloc_av_
 .data.__malloc_sbrk_base
                0x000000002000084c        0x4 c:/users/admin/.platformio/packages/toolchain-gccarmnoneeabi@1.80201.190214/bin/../lib/gcc/arm-none-eabi/8.2.1/../../../../arm-none-eabi/lib/thumb/v7e-m+fp/softfp\libc.a(lib_a-mallocr.o)
                0x000000002000084c                __malloc_sbrk_base
 .data.__malloc_trim_threshold
                0x0000000020000850        0x4 c:/users/admin/.platformio/packages/toolchain-gccarmnoneeabi@1.80201.190214/bin/../lib/gcc/arm-none-eabi/8.2.1/../../../../arm-none-eabi/lib/thumb/v7e-m+fp/softfp\libc.a(lib_a-mallocr.o)
                0x0000000020000850                __malloc_trim_threshold
 *(.RamFunc)
 *(.RamFunc*)
                0x0000000020000854                . = ALIGN (0x4)
                0x0000000020000854                _edata = .
                0x0000000008006258                _siccmram = LOADADDR (.ccmram)

.tm_clone_table
                0x0000000020000854        0x0 load address 0x0000000008006258
 .tm_clone_table
                0x0000000020000854        0x0 c:/users/admin/.platformio/packages/toolchain-gccarmnoneeabi@1.80201.190214/bin/../lib/gcc/arm-none-eabi/8.2.1/thumb/v7e-m+fp/softfp/crtbegin.o
 .tm_clone_table
                0x0000000020000854        0x0 c:/users/admin/.platformio/packages/toolchain-gccarmnoneeabi@1.80201.190214/bin/../lib/gcc/arm-none-eabi/8.2.1/thumb/v7e-m+fp/softfp/crtend.o

.igot.plt       0x0000000020000854        0x0 load address 0x0000000008006258
 .igot.plt      0x0000000020000854        0x0 c:/users/admin/.platformio/packages/toolchain-gccarmnoneeabi@1.80201.190214/bin/../lib/gcc/arm-none-eabi/8.2.1/thumb/v7e-m+fp/softfp/crtbegin.o

.ccmram         0x0000000010000000        0x0 load address 0x0000000008006258
                0x0000000010000000                . = ALIGN (0x4)
                0x0000000010000000                _sccmram = .
 *(.ccmram)
 *(.ccmram*)
                0x0000000010000000                . = ALIGN (0x4)
                0x0000000010000000                _eccmram = .
                0x0000000010000000                . = ALIGN (0x4)

.bss            0x0000000020000858     0x5280
                0x0000000020000858                _sbss = .
                0x0000000020000858                __bss_start__ = _sbss
 *(.bss)
 *(.bss*)
 .bss.completed.8014
                0x0000000020000858        0x1 c:/users/admin/.platformio/packages/toolchain-gccarmnoneeabi@1.80201.190214/bin/../lib/gcc/arm-none-eabi/8.2.1/thumb/v7e-m+fp/softfp/crtbegin.o
 *fill*         0x0000000020000859        0x3 
 .bss.object.8019
                0x000000002000085c       0x18 c:/users/admin/.platformio/packages/toolchain-gccarmnoneeabi@1.80201.190214/bin/../lib/gcc/arm-none-eabi/8.2.1/thumb/v7e-m+fp/softfp/crtbegin.o
 .bss.__sbrk_heap_end
                0x0000000020000874        0x4 ./build/Debug/Core/Src/sysmem.o
 .bss.Idle_Stack.9273
                0x0000000020000878      0x200 ./build/Debug/Middlewares/Third_Party/FreeRTOS/Source/CMSIS_RTOS_V2/cmsis_os2.o
 .bss.Idle_TCB.9272
                0x0000000020000a78      0x488 ./build/Debug/Middlewares/Third_Party/FreeRTOS/Source/CMSIS_RTOS_V2/cmsis_os2.o
 .bss.KernelState
                0x0000000020000f00        0x4 ./build/Debug/Middlewares/Third_Party/FreeRTOS/Source/CMSIS_RTOS_V2/cmsis_os2.o
 .bss.Timer_Stack.9280
                0x0000000020000f04      0x400 ./build/Debug/Middlewares/Third_Party/FreeRTOS/Source/CMSIS_RTOS_V2/cmsis_os2.o
 *fill*         0x0000000020001304        0x4 
 .bss.Timer_TCB.9279
                0x0000000020001308      0x488 ./build/Debug/Middlewares/Third_Party/FreeRTOS/Source/CMSIS_RTOS_V2/cmsis_os2.o
 .bss.ucMaxSysCallPriority
                0x0000000020001790        0x1 ./build/Debug/Middlewares/Third_Party/FreeRTOS/Source/portable/GCC/ARM_CM4F/port.o
 *fill*         0x0000000020001791        0x3 
 .bss.ulMaxPRIGROUPValue
                0x0000000020001794        0x4 ./build/Debug/Middlewares/Third_Party/FreeRTOS/Source/portable/GCC/ARM_CM4F/port.o
 .bss.pxEnd     0x0000000020001798        0x4 ./build/Debug/Middlewares/Third_Party/FreeRTOS/Source/portable/MemMang/heap_4.o
 .bss.ucHeap    0x000000002000179c     0x3c00 ./build/Debug/Middlewares/Third_Party/FreeRTOS/Source/portable/MemMang/heap_4.o
 .bss.xBlockAllocatedBit
                0x000000002000539c        0x4 ./build/Debug/Middlewares/Third_Party/FreeRTOS/Source/portable/MemMang/heap_4.o
 .bss.xFreeBytesRemaining
                0x00000000200053a0        0x4 ./build/Debug/Middlewares/Third_Party/FreeRTOS/Source/portable/MemMang/heap_4.o
 .bss.xMinimumEverFreeBytesRemaining
                0x00000000200053a4        0x4 ./build/Debug/Middlewares/Third_Party/FreeRTOS/Source/portable/MemMang/heap_4.o
 .bss.xNumberOfSuccessfulAllocations
                0x00000000200053a8        0x4 ./build/Debug/Middlewares/Third_Party/FreeRTOS/Source/portable/MemMang/heap_4.o
 .bss.xNumberOfSuccessfulFrees
                0x00000000200053ac        0x4 ./build/Debug/Middlewares/Third_Party/FreeRTOS/Source/portable/MemMang/heap_4.o
 .bss.xStart    0x00000000200053b0        0x8 ./build/Debug/Middlewares/Third_Party/FreeRTOS/Source/portable/MemMang/heap_4.o
 .bss.pxCurrentTCB
                0x00000000200053b8        0x4 ./build/Debug/Middlewares/Third_Party/FreeRTOS/Source/tasks.o
                0x00000000200053b8                pxCurrentTCB
 .bss.pxDelayedTaskList
                0x00000000200053bc        0x4 ./build/Debug/Middlewares/Third_Party/FreeRTOS/Source/tasks.o
 .bss.pxOverflowDelayedTaskList
                0x00000000200053c0        0x4 ./build/Debug/Middlewares/Third_Party/FreeRTOS/Source/tasks.o
 .bss.pxReadyTasksLists
                0x00000000200053c4      0x460 ./build/Debug/Middlewares/Third_Party/FreeRTOS/Source/tasks.o
 .bss.uxCurrentNumberOfTasks
                0x0000000020005824        0x4 ./build/Debug/Middlewares/Third_Party/FreeRTOS/Source/tasks.o
 .bss.uxDeletedTasksWaitingCleanUp
                0x0000000020005828        0x4 ./build/Debug/Middlewares/Third_Party/FreeRTOS/Source/tasks.o
 .bss.uxSchedulerSuspended
                0x000000002000582c        0x4 ./build/Debug/Middlewares/Third_Party/FreeRTOS/Source/tasks.o
 .bss.uxTaskNumber
                0x0000000020005830        0x4 ./build/Debug/Middlewares/Third_Party/FreeRTOS/Source/tasks.o
 .bss.uxTopReadyPriority
                0x0000000020005834        0x4 ./build/Debug/Middlewares/Third_Party/FreeRTOS/Source/tasks.o
 .bss.xDelayedTaskList1
                0x0000000020005838       0x14 ./build/Debug/Middlewares/Third_Party/FreeRTOS/Source/tasks.o
 .bss.xDelayedTaskList2
                0x000000002000584c       0x14 ./build/Debug/Middlewares/Third_Party/FreeRTOS/Source/tasks.o
 .bss.xNextTaskUnblockTime
                0x0000000020005860        0x4 ./build/Debug/Middlewares/Third_Party/FreeRTOS/Source/tasks.o
 .bss.xNumOfOverflows
                0x0000000020005864        0x4 ./build/Debug/Middlewares/Third_Party/FreeRTOS/Source/tasks.o
 .bss.xPendedTicks
                0x0000000020005868        0x4 ./build/Debug/Middlewares/Third_Party/FreeRTOS/Source/tasks.o
 .bss.xPendingReadyList
                0x000000002000586c       0x14 ./build/Debug/Middlewares/Third_Party/FreeRTOS/Source/tasks.o
 .bss.xSchedulerRunning
                0x0000000020005880        0x4 ./build/Debug/Middlewares/Third_Party/FreeRTOS/Source/tasks.o
 .bss.xSuspendedTaskList
                0x0000000020005884       0x14 ./build/Debug/Middlewares/Third_Party/FreeRTOS/Source/tasks.o
 .bss.xTasksWaitingTermination
                0x0000000020005898       0x14 ./build/Debug/Middlewares/Third_Party/FreeRTOS/Source/tasks.o
 .bss.xTickCount
                0x00000000200058ac        0x4 ./build/Debug/Middlewares/Third_Party/FreeRTOS/Source/tasks.o
 .bss.xYieldPending
                0x00000000200058b0        0x4 ./build/Debug/Middlewares/Third_Party/FreeRTOS/Source/tasks.o
 .bss.pxCurrentTimerList
                0x00000000200058b4        0x4 ./build/Debug/Middlewares/Third_Party/FreeRTOS/Source/timers.o
 .bss.pxOverflowTimerList
                0x00000000200058b8        0x4 ./build/Debug/Middlewares/Third_Party/FreeRTOS/Source/timers.o
 .bss.ucStaticTimerQueueStorage.6739
                0x00000000200058bc       0xa0 ./build/Debug/Middlewares/Third_Party/FreeRTOS/Source/timers.o
 .bss.xActiveTimerList1
                0x000000002000595c       0x14 ./build/Debug/Middlewares/Third_Party/FreeRTOS/Source/timers.o
 .bss.xActiveTimerList2
                0x0000000020005970       0x14 ./build/Debug/Middlewares/Third_Party/FreeRTOS/Source/timers.o
 .bss.xLastTime.6688
                0x0000000020005984        0x4 ./build/Debug/Middlewares/Third_Party/FreeRTOS/Source/timers.o
 .bss.xStaticTimerQueue.6738
                0x0000000020005988       0x50 ./build/Debug/Middlewares/Third_Party/FreeRTOS/Source/timers.o
 .bss.xTimerQueue
                0x00000000200059d8        0x4 ./build/Debug/Middlewares/Third_Party/FreeRTOS/Source/timers.o
 .bss.xTimerTaskHandle
                0x00000000200059dc        0x4 ./build/Debug/Middlewares/Third_Party/FreeRTOS/Source/timers.o
 .bss.__malloc_current_mallinfo
                0x00000000200059e0       0x28 c:/users/admin/.platformio/packages/toolchain-gccarmnoneeabi@1.80201.190214/bin/../lib/gcc/arm-none-eabi/8.2.1/../../../../arm-none-eabi/lib/thumb/v7e-m+fp/softfp\libc.a(lib_a-mallocr.o)
                0x00000000200059e0                __malloc_current_mallinfo
 .bss.__malloc_max_sbrked_mem
                0x0000000020005a08        0x4 c:/users/admin/.platformio/packages/toolchain-gccarmnoneeabi@1.80201.190214/bin/../lib/gcc/arm-none-eabi/8.2.1/../../../../arm-none-eabi/lib/thumb/v7e-m+fp/softfp\libc.a(lib_a-mallocr.o)
                0x0000000020005a08                __malloc_max_sbrked_mem
 .bss.__malloc_max_total_mem
                0x0000000020005a0c        0x4 c:/users/admin/.platformio/packages/toolchain-gccarmnoneeabi@1.80201.190214/bin/../lib/gcc/arm-none-eabi/8.2.1/../../../../arm-none-eabi/lib/thumb/v7e-m+fp/softfp\libc.a(lib_a-mallocr.o)
                0x0000000020005a0c                __malloc_max_total_mem
 .bss.__malloc_top_pad
                0x0000000020005a10        0x4 c:/users/admin/.platformio/packages/toolchain-gccarmnoneeabi@1.80201.190214/bin/../lib/gcc/arm-none-eabi/8.2.1/../../../../arm-none-eabi/lib/thumb/v7e-m+fp/softfp\libc.a(lib_a-mallocr.o)
                0x0000000020005a10                __malloc_top_pad
 *(COMMON)
 COMMON         0x0000000020005a14       0x58 ./build/Debug/Core/Src/main.o
                0x0000000020005a14                Task1Handle
                0x0000000020005a18                UARTdataQueueHandle
                0x0000000020005a1c                Task3Handle
                0x0000000020005a20                huart4
                0x0000000020005a64                Task2Handle
                0x0000000020005a68                UARTFlagsHandle
 COMMON         0x0000000020005a6c        0x4 ./build/Debug/Drivers/STM32F4xx_HAL_Driver/Src/stm32f4xx_hal.o
                0x0000000020005a6c                uwTick
 COMMON         0x0000000020005a70       0x40 ./build/Debug/Middlewares/Third_Party/FreeRTOS/Source/queue.o
                0x0000000020005a70                xQueueRegistry
 COMMON         0x0000000020005ab0        0x4 c:/users/admin/.platformio/packages/toolchain-gccarmnoneeabi@1.80201.190214/bin/../lib/gcc/arm-none-eabi/8.2.1/../../../../arm-none-eabi/lib/thumb/v7e-m+fp/softfp\libc.a(lib_a-reent.o)
                0x0000000020005ab0                errno
 COMMON         0x0000000020005ab4       0x21 c:/users/admin/.platformio/packages/toolchain-gccarmnoneeabi@1.80201.190214/bin/../lib/gcc/arm-none-eabi/8.2.1/../../../../arm-none-eabi/lib/thumb/v7e-m+fp/softfp\libc.a(lib_a-lock.o)
                0x0000000020005ab4                __lock___atexit_recursive_mutex
                0x0000000020005ab8                __lock___arc4random_mutex
                0x0000000020005abc                __lock___env_recursive_mutex
                0x0000000020005ac0                __lock___sinit_recursive_mutex
                0x0000000020005ac4                __lock___malloc_recursive_mutex
                0x0000000020005ac8                __lock___at_quick_exit_mutex
                0x0000000020005acc                __lock___dd_hash_mutex
                0x0000000020005ad0                __lock___tz_mutex
                0x0000000020005ad4                __lock___sfp_recursive_mutex
                0x0000000020005ad8                . = ALIGN (0x4)
 *fill*         0x0000000020005ad5        0x3 
                0x0000000020005ad8                _ebss = .
                0x0000000020005ad8                __bss_end__ = _ebss

._user_heap_stack
                0x0000000020005ad8      0x600
                0x0000000020005ad8                . = ALIGN (0x8)
                [!provide]                        PROVIDE (end = .)
                0x0000000020005ad8                PROVIDE (_end = .)
                0x0000000020005cd8                . = (. + _Min_Heap_Size)
 *fill*         0x0000000020005ad8      0x200 
                0x00000000200060d8                . = (. + _Min_Stack_Size)
 *fill*         0x0000000020005cd8      0x400 
                0x00000000200060d8                . = ALIGN (0x8)

/DISCARD/
 libc.a(*)
 libm.a(*)
 libgcc.a(*)

.ARM.attributes
                0x0000000000000000       0x2e
 *(.ARM.attributes)
 .ARM.attributes
                0x0000000000000000       0x1e c:/users/admin/.platformio/packages/toolchain-gccarmnoneeabi@1.80201.190214/bin/../lib/gcc/arm-none-eabi/8.2.1/thumb/v7e-m+fp/softfp/crti.o
 .ARM.attributes
                0x000000000000001e       0x32 c:/users/admin/.platformio/packages/toolchain-gccarmnoneeabi@1.80201.190214/bin/../lib/gcc/arm-none-eabi/8.2.1/thumb/v7e-m+fp/softfp/crtbegin.o
 .ARM.attributes
                0x0000000000000050       0x32 ./build/Debug/Core/Src/main.o
 .ARM.attributes
                0x0000000000000082       0x32 ./build/Debug/Core/Src/stm32f4xx_hal_msp.o
 .ARM.attributes
                0x00000000000000b4       0x32 ./build/Debug/Core/Src/stm32f4xx_it.o
 .ARM.attributes
                0x00000000000000e6       0x32 ./build/Debug/Core/Src/syscalls.o
 .ARM.attributes
                0x0000000000000118       0x32 ./build/Debug/Core/Src/sysmem.o
 .ARM.attributes
                0x000000000000014a       0x32 ./build/Debug/Core/Src/system_stm32f4xx.o
 .ARM.attributes
                0x000000000000017c       0x32 ./build/Debug/Drivers/STM32F4xx_HAL_Driver/Src/stm32f4xx_hal.o
 .ARM.attributes
                0x00000000000001ae       0x32 ./build/Debug/Drivers/STM32F4xx_HAL_Driver/Src/stm32f4xx_hal_cortex.o
 .ARM.attributes
                0x00000000000001e0       0x32 ./build/Debug/Drivers/STM32F4xx_HAL_Driver/Src/stm32f4xx_hal_gpio.o
 .ARM.attributes
                0x0000000000000212       0x32 ./build/Debug/Drivers/STM32F4xx_HAL_Driver/Src/stm32f4xx_hal_rcc.o
 .ARM.attributes
                0x0000000000000244       0x32 ./build/Debug/Drivers/STM32F4xx_HAL_Driver/Src/stm32f4xx_hal_uart.o
 .ARM.attributes
                0x0000000000000276       0x32 ./build/Debug/Middlewares/Third_Party/FreeRTOS/Source/CMSIS_RTOS_V2/cmsis_os2.o
 .ARM.attributes
                0x00000000000002a8       0x32 ./build/Debug/Middlewares/Third_Party/FreeRTOS/Source/event_groups.o
 .ARM.attributes
                0x00000000000002da       0x32 ./build/Debug/Middlewares/Third_Party/FreeRTOS/Source/list.o
 .ARM.attributes
                0x000000000000030c       0x32 ./build/Debug/Middlewares/Third_Party/FreeRTOS/Source/portable/GCC/ARM_CM4F/port.o
 .ARM.attributes
                0x000000000000033e       0x32 ./build/Debug/Middlewares/Third_Party/FreeRTOS/Source/portable/MemMang/heap_4.o
 .ARM.attributes
                0x0000000000000370       0x32 ./build/Debug/Middlewares/Third_Party/FreeRTOS/Source/queue.o
 .ARM.attributes
                0x00000000000003a2       0x32 ./build/Debug/Middlewares/Third_Party/FreeRTOS/Source/tasks.o
 .ARM.attributes
                0x00000000000003d4       0x32 ./build/Debug/Middlewares/Third_Party/FreeRTOS/Source/timers.o
 .ARM.attributes
                0x0000000000000406       0x21 ./build/Debug/Core/Startup/startup_stm32f405rgtx.o
 .ARM.attributes
                0x0000000000000427       0x1e c:/users/admin/.platformio/packages/toolchain-gccarmnoneeabi@1.80201.190214/bin/../lib/gcc/arm-none-eabi/8.2.1/thumb/v7e-m+fp/softfp\libgcc.a(_aeabi_uldivmod.o)
 .ARM.attributes
                0x0000000000000445       0x32 c:/users/admin/.platformio/packages/toolchain-gccarmnoneeabi@1.80201.190214/bin/../lib/gcc/arm-none-eabi/8.2.1/thumb/v7e-m+fp/softfp\libgcc.a(_udivmoddi4.o)
 .ARM.attributes
                0x0000000000000477       0x1e c:/users/admin/.platformio/packages/toolchain-gccarmnoneeabi@1.80201.190214/bin/../lib/gcc/arm-none-eabi/8.2.1/thumb/v7e-m+fp/softfp\libgcc.a(_dvmd_tls.o)
 .ARM.attributes
                0x0000000000000495       0x32 c:/users/admin/.platformio/packages/toolchain-gccarmnoneeabi@1.80201.190214/bin/../lib/gcc/arm-none-eabi/8.2.1/../../../../arm-none-eabi/lib/thumb/v7e-m+fp/softfp\libc.a(lib_a-errno.o)
 .ARM.attributes
                0x00000000000004c7       0x30 c:/users/admin/.platformio/packages/toolchain-gccarmnoneeabi@1.80201.190214/bin/../lib/gcc/arm-none-eabi/8.2.1/../../../../arm-none-eabi/lib/thumb/v7e-m+fp/softfp\libc.a(lib_a-impure.o)
 .ARM.attributes
                0x00000000000004f7       0x32 c:/users/admin/.platformio/packages/toolchain-gccarmnoneeabi@1.80201.190214/bin/../lib/gcc/arm-none-eabi/8.2.1/../../../../arm-none-eabi/lib/thumb/v7e-m+fp/softfp\libc.a(lib_a-init.o)
 .ARM.attributes
                0x0000000000000529       0x1c c:/users/admin/.platformio/packages/toolchain-gccarmnoneeabi@1.80201.190214/bin/../lib/gcc/arm-none-eabi/8.2.1/../../../../arm-none-eabi/lib/thumb/v7e-m+fp/softfp\libc.a(lib_a-memcpy.o)
 .ARM.attributes
                0x0000000000000545       0x32 c:/users/admin/.platformio/packages/toolchain-gccarmnoneeabi@1.80201.190214/bin/../lib/gcc/arm-none-eabi/8.2.1/../../../../arm-none-eabi/lib/thumb/v7e-m+fp/softfp\libc.a(lib_a-memset.o)
 .ARM.attributes
                0x0000000000000577       0x32 c:/users/admin/.platformio/packages/toolchain-gccarmnoneeabi@1.80201.190214/bin/../lib/gcc/arm-none-eabi/8.2.1/../../../../arm-none-eabi/lib/thumb/v7e-m+fp/softfp\libc.a(lib_a-puts.o)
 .ARM.attributes
                0x00000000000005a9       0x32 c:/users/admin/.platformio/packages/toolchain-gccarmnoneeabi@1.80201.190214/bin/../lib/gcc/arm-none-eabi/8.2.1/../../../../arm-none-eabi/lib/thumb/v7e-m+fp/softfp\libc.a(lib_a-reent.o)
 .ARM.attributes
                0x00000000000005db       0x1c c:/users/admin/.platformio/packages/toolchain-gccarmnoneeabi@1.80201.190214/bin/../lib/gcc/arm-none-eabi/8.2.1/../../../../arm-none-eabi/lib/thumb/v7e-m+fp/softfp\libc.a(lib_a-strlen.o)
 .ARM.attributes
                0x00000000000005f7       0x32 c:/users/admin/.platformio/packages/toolchain-gccarmnoneeabi@1.80201.190214/bin/../lib/gcc/arm-none-eabi/8.2.1/../../../../arm-none-eabi/lib/thumb/v7e-m+fp/softfp\libc.a(lib_a-__call_atexit.o)
 .ARM.attributes
                0x0000000000000629       0x32 c:/users/admin/.platformio/packages/toolchain-gccarmnoneeabi@1.80201.190214/bin/../lib/gcc/arm-none-eabi/8.2.1/../../../../arm-none-eabi/lib/thumb/v7e-m+fp/softfp\libc.a(lib_a-atexit.o)
 .ARM.attributes
                0x000000000000065b       0x32 c:/users/admin/.platformio/packages/toolchain-gccarmnoneeabi@1.80201.190214/bin/../lib/gcc/arm-none-eabi/8.2.1/../../../../arm-none-eabi/lib/thumb/v7e-m+fp/softfp\libc.a(lib_a-findfp.o)
 .ARM.attributes
                0x000000000000068d       0x32 c:/users/admin/.platformio/packages/toolchain-gccarmnoneeabi@1.80201.190214/bin/../lib/gcc/arm-none-eabi/8.2.1/../../../../arm-none-eabi/lib/thumb/v7e-m+fp/softfp\libc.a(lib_a-fini.o)
 .ARM.attributes
                0x00000000000006bf       0x32 c:/users/admin/.platformio/packages/toolchain-gccarmnoneeabi@1.80201.190214/bin/../lib/gcc/arm-none-eabi/8.2.1/../../../../arm-none-eabi/lib/thumb/v7e-m+fp/softfp\libc.a(lib_a-freer.o)
 .ARM.attributes
                0x00000000000006f1       0x32 c:/users/admin/.platformio/packages/toolchain-gccarmnoneeabi@1.80201.190214/bin/../lib/gcc/arm-none-eabi/8.2.1/../../../../arm-none-eabi/lib/thumb/v7e-m+fp/softfp\libc.a(lib_a-fvwrite.o)
 .ARM.attributes
                0x0000000000000723       0x32 c:/users/admin/.platformio/packages/toolchain-gccarmnoneeabi@1.80201.190214/bin/../lib/gcc/arm-none-eabi/8.2.1/../../../../arm-none-eabi/lib/thumb/v7e-m+fp/softfp\libc.a(lib_a-fwalk.o)
 .ARM.attributes
                0x0000000000000755       0x32 c:/users/admin/.platformio/packages/toolchain-gccarmnoneeabi@1.80201.190214/bin/../lib/gcc/arm-none-eabi/8.2.1/../../../../arm-none-eabi/lib/thumb/v7e-m+fp/softfp\libc.a(lib_a-lock.o)
 .ARM.attributes
                0x0000000000000787       0x32 c:/users/admin/.platformio/packages/toolchain-gccarmnoneeabi@1.80201.190214/bin/../lib/gcc/arm-none-eabi/8.2.1/../../../../arm-none-eabi/lib/thumb/v7e-m+fp/softfp\libc.a(lib_a-mallocr.o)
 .ARM.attributes
                0x00000000000007b9       0x1c c:/users/admin/.platformio/packages/toolchain-gccarmnoneeabi@1.80201.190214/bin/../lib/gcc/arm-none-eabi/8.2.1/../../../../arm-none-eabi/lib/thumb/v7e-m+fp/softfp\libc.a(lib_a-memchr.o)
 .ARM.attributes
                0x00000000000007d5       0x32 c:/users/admin/.platformio/packages/toolchain-gccarmnoneeabi@1.80201.190214/bin/../lib/gcc/arm-none-eabi/8.2.1/../../../../arm-none-eabi/lib/thumb/v7e-m+fp/softfp\libc.a(lib_a-memmove.o)
 .ARM.attributes
                0x0000000000000807       0x32 c:/users/admin/.platformio/packages/toolchain-gccarmnoneeabi@1.80201.190214/bin/../lib/gcc/arm-none-eabi/8.2.1/../../../../arm-none-eabi/lib/thumb/v7e-m+fp/softfp\libc.a(lib_a-mlock.o)
 .ARM.attributes
                0x0000000000000839       0x32 c:/users/admin/.platformio/packages/toolchain-gccarmnoneeabi@1.80201.190214/bin/../lib/gcc/arm-none-eabi/8.2.1/../../../../arm-none-eabi/lib/thumb/v7e-m+fp/softfp\libc.a(lib_a-reallocr.o)
 .ARM.attributes
                0x000000000000086b       0x32 c:/users/admin/.platformio/packages/toolchain-gccarmnoneeabi@1.80201.190214/bin/../lib/gcc/arm-none-eabi/8.2.1/../../../../arm-none-eabi/lib/thumb/v7e-m+fp/softfp\libc.a(lib_a-sbrkr.o)
 .ARM.attributes
                0x000000000000089d       0x32 c:/users/admin/.platformio/packages/toolchain-gccarmnoneeabi@1.80201.190214/bin/../lib/gcc/arm-none-eabi/8.2.1/../../../../arm-none-eabi/lib/thumb/v7e-m+fp/softfp\libc.a(lib_a-stdio.o)
 .ARM.attributes
                0x00000000000008cf       0x32 c:/users/admin/.platformio/packages/toolchain-gccarmnoneeabi@1.80201.190214/bin/../lib/gcc/arm-none-eabi/8.2.1/../../../../arm-none-eabi/lib/thumb/v7e-m+fp/softfp\libc.a(lib_a-writer.o)
 .ARM.attributes
                0x0000000000000901       0x32 c:/users/admin/.platformio/packages/toolchain-gccarmnoneeabi@1.80201.190214/bin/../lib/gcc/arm-none-eabi/8.2.1/../../../../arm-none-eabi/lib/thumb/v7e-m+fp/softfp\libc.a(lib_a-wsetup.o)
 .ARM.attributes
                0x0000000000000933       0x32 c:/users/admin/.platformio/packages/toolchain-gccarmnoneeabi@1.80201.190214/bin/../lib/gcc/arm-none-eabi/8.2.1/../../../../arm-none-eabi/lib/thumb/v7e-m+fp/softfp\libc.a(lib_a-__atexit.o)
 .ARM.attributes
                0x0000000000000965       0x32 c:/users/admin/.platformio/packages/toolchain-gccarmnoneeabi@1.80201.190214/bin/../lib/gcc/arm-none-eabi/8.2.1/../../../../arm-none-eabi/lib/thumb/v7e-m+fp/softfp\libc.a(lib_a-closer.o)
 .ARM.attributes
                0x0000000000000997       0x32 c:/users/admin/.platformio/packages/toolchain-gccarmnoneeabi@1.80201.190214/bin/../lib/gcc/arm-none-eabi/8.2.1/../../../../arm-none-eabi/lib/thumb/v7e-m+fp/softfp\libc.a(lib_a-fclose.o)
 .ARM.attributes
                0x00000000000009c9       0x32 c:/users/admin/.platformio/packages/toolchain-gccarmnoneeabi@1.80201.190214/bin/../lib/gcc/arm-none-eabi/8.2.1/../../../../arm-none-eabi/lib/thumb/v7e-m+fp/softfp\libc.a(lib_a-fflush.o)
 .ARM.attributes
                0x00000000000009fb       0x32 c:/users/admin/.platformio/packages/toolchain-gccarmnoneeabi@1.80201.190214/bin/../lib/gcc/arm-none-eabi/8.2.1/../../../../arm-none-eabi/lib/thumb/v7e-m+fp/softfp\libc.a(lib_a-lseekr.o)
 .ARM.attributes
                0x0000000000000a2d       0x32 c:/users/admin/.platformio/packages/toolchain-gccarmnoneeabi@1.80201.190214/bin/../lib/gcc/arm-none-eabi/8.2.1/../../../../arm-none-eabi/lib/thumb/v7e-m+fp/softfp\libc.a(lib_a-makebuf.o)
 .ARM.attributes
                0x0000000000000a5f       0x32 c:/users/admin/.platformio/packages/toolchain-gccarmnoneeabi@1.80201.190214/bin/../lib/gcc/arm-none-eabi/8.2.1/../../../../arm-none-eabi/lib/thumb/v7e-m+fp/softfp\libc.a(lib_a-readr.o)
 .ARM.attributes
                0x0000000000000a91       0x32 c:/users/admin/.platformio/packages/toolchain-gccarmnoneeabi@1.80201.190214/bin/../lib/gcc/arm-none-eabi/8.2.1/../../../../arm-none-eabi/lib/thumb/v7e-m+fp/softfp\libc.a(lib_a-fstatr.o)
 .ARM.attributes
                0x0000000000000ac3       0x32 c:/users/admin/.platformio/packages/toolchain-gccarmnoneeabi@1.80201.190214/bin/../lib/gcc/arm-none-eabi/8.2.1/../../../../arm-none-eabi/lib/thumb/v7e-m+fp/softfp\libc.a(lib_a-isattyr.o)
 .ARM.attributes
                0x0000000000000af5       0x30 c:/users/admin/.platformio/packages/toolchain-gccarmnoneeabi@1.80201.190214/bin/../lib/gcc/arm-none-eabi/8.2.1/thumb/v7e-m+fp/softfp/crtend.o
 .ARM.attributes
                0x0000000000000b25       0x1e c:/users/admin/.platformio/packages/toolchain-gccarmnoneeabi@1.80201.190214/bin/../lib/gcc/arm-none-eabi/8.2.1/thumb/v7e-m+fp/softfp/crtn.o
OUTPUT(./build/Debug/Lab2.elf elf32-littlearm)

.debug_info     0x0000000000000000    0x1f9a4
 .debug_info    0x0000000000000000     0x1ecd ./build/Debug/Core/Src/main.o
 .debug_info    0x0000000000001ecd      0xc97 ./build/Debug/Core/Src/stm32f4xx_hal_msp.o
 .debug_info    0x0000000000002b64      0xaed ./build/Debug/Core/Src/stm32f4xx_it.o
 .debug_info    0x0000000000003651     0x1064 ./build/Debug/Core/Src/syscalls.o
 .debug_info    0x00000000000046b5      0xa3a ./build/Debug/Core/Src/sysmem.o
 .debug_info    0x00000000000050ef      0x5b9 ./build/Debug/Core/Src/system_stm32f4xx.o
 .debug_info    0x00000000000056a8      0xa67 ./build/Debug/Drivers/STM32F4xx_HAL_Driver/Src/stm32f4xx_hal.o
 .debug_info    0x000000000000610f     0x1154 ./build/Debug/Drivers/STM32F4xx_HAL_Driver/Src/stm32f4xx_hal_cortex.o
 .debug_info    0x0000000000007263      0x884 ./build/Debug/Drivers/STM32F4xx_HAL_Driver/Src/stm32f4xx_hal_gpio.o
 .debug_info    0x0000000000007ae7      0xb5d ./build/Debug/Drivers/STM32F4xx_HAL_Driver/Src/stm32f4xx_hal_rcc.o
 .debug_info    0x0000000000008644     0x47da ./build/Debug/Drivers/STM32F4xx_HAL_Driver/Src/stm32f4xx_hal_uart.o
 .debug_info    0x000000000000ce1e     0x5690 ./build/Debug/Middlewares/Third_Party/FreeRTOS/Source/CMSIS_RTOS_V2/cmsis_os2.o
 .debug_info    0x00000000000124ae     0x18ac ./build/Debug/Middlewares/Third_Party/FreeRTOS/Source/event_groups.o
 .debug_info    0x0000000000013d5a      0xb85 ./build/Debug/Middlewares/Third_Party/FreeRTOS/Source/list.o
 .debug_info    0x00000000000148df      0xe98 ./build/Debug/Middlewares/Third_Party/FreeRTOS/Source/portable/GCC/ARM_CM4F/port.o
 .debug_info    0x0000000000015777      0xecf ./build/Debug/Middlewares/Third_Party/FreeRTOS/Source/portable/MemMang/heap_4.o
 .debug_info    0x0000000000016646     0x32a9 ./build/Debug/Middlewares/Third_Party/FreeRTOS/Source/queue.o
 .debug_info    0x00000000000198ef     0x3c88 ./build/Debug/Middlewares/Third_Party/FreeRTOS/Source/tasks.o
 .debug_info    0x000000000001d577     0x240b ./build/Debug/Middlewares/Third_Party/FreeRTOS/Source/timers.o
 .debug_info    0x000000000001f982       0x22 ./build/Debug/Core/Startup/startup_stm32f405rgtx.o

.debug_abbrev   0x0000000000000000     0x3af1
 .debug_abbrev  0x0000000000000000      0x3c6 ./build/Debug/Core/Src/main.o
 .debug_abbrev  0x00000000000003c6      0x1cf ./build/Debug/Core/Src/stm32f4xx_hal_msp.o
 .debug_abbrev  0x0000000000000595      0x23f ./build/Debug/Core/Src/stm32f4xx_it.o
 .debug_abbrev  0x00000000000007d4      0x2e4 ./build/Debug/Core/Src/syscalls.o
 .debug_abbrev  0x0000000000000ab8      0x23e ./build/Debug/Core/Src/sysmem.o
 .debug_abbrev  0x0000000000000cf6      0x148 ./build/Debug/Core/Src/system_stm32f4xx.o
 .debug_abbrev  0x0000000000000e3e      0x219 ./build/Debug/Drivers/STM32F4xx_HAL_Driver/Src/stm32f4xx_hal.o
 .debug_abbrev  0x0000000000001057      0x39b ./build/Debug/Drivers/STM32F4xx_HAL_Driver/Src/stm32f4xx_hal_cortex.o
 .debug_abbrev  0x00000000000013f2      0x21c ./build/Debug/Drivers/STM32F4xx_HAL_Driver/Src/stm32f4xx_hal_gpio.o
 .debug_abbrev  0x000000000000160e      0x2ae ./build/Debug/Drivers/STM32F4xx_HAL_Driver/Src/stm32f4xx_hal_rcc.o
 .debug_abbrev  0x00000000000018bc      0x342 ./build/Debug/Drivers/STM32F4xx_HAL_Driver/Src/stm32f4xx_hal_uart.o
 .debug_abbrev  0x0000000000001bfe      0x58e ./build/Debug/Middlewares/Third_Party/FreeRTOS/Source/CMSIS_RTOS_V2/cmsis_os2.o
 .debug_abbrev  0x000000000000218c      0x3db ./build/Debug/Middlewares/Third_Party/FreeRTOS/Source/event_groups.o
 .debug_abbrev  0x0000000000002567      0x249 ./build/Debug/Middlewares/Third_Party/FreeRTOS/Source/list.o
 .debug_abbrev  0x00000000000027b0      0x3b6 ./build/Debug/Middlewares/Third_Party/FreeRTOS/Source/portable/GCC/ARM_CM4F/port.o
 .debug_abbrev  0x0000000000002b66      0x38e ./build/Debug/Middlewares/Third_Party/FreeRTOS/Source/portable/MemMang/heap_4.o
 .debug_abbrev  0x0000000000002ef4      0x413 ./build/Debug/Middlewares/Third_Party/FreeRTOS/Source/queue.o
 .debug_abbrev  0x0000000000003307      0x42c ./build/Debug/Middlewares/Third_Party/FreeRTOS/Source/tasks.o
 .debug_abbrev  0x0000000000003733      0x3ac ./build/Debug/Middlewares/Third_Party/FreeRTOS/Source/timers.o
 .debug_abbrev  0x0000000000003adf       0x12 ./build/Debug/Core/Startup/startup_stm32f405rgtx.o

.debug_loc      0x0000000000000000    0x117d7
 .debug_loc     0x0000000000000000       0xc2 ./build/Debug/Core/Src/main.o
 .debug_loc     0x00000000000000c2       0x84 ./build/Debug/Core/Src/stm32f4xx_hal_msp.o
 .debug_loc     0x0000000000000146      0x3c5 ./build/Debug/Core/Src/syscalls.o
 .debug_loc     0x000000000000050b       0x64 ./build/Debug/Core/Src/sysmem.o
 .debug_loc     0x000000000000056f      0x16c ./build/Debug/Core/Src/system_stm32f4xx.o
 .debug_loc     0x00000000000006db      0x141 ./build/Debug/Drivers/STM32F4xx_HAL_Driver/Src/stm32f4xx_hal.o
 .debug_loc     0x000000000000081c      0x700 ./build/Debug/Drivers/STM32F4xx_HAL_Driver/Src/stm32f4xx_hal_cortex.o
 .debug_loc     0x0000000000000f1c      0x523 ./build/Debug/Drivers/STM32F4xx_HAL_Driver/Src/stm32f4xx_hal_gpio.o
 .debug_loc     0x000000000000143f      0x558 ./build/Debug/Drivers/STM32F4xx_HAL_Driver/Src/stm32f4xx_hal_rcc.o
 .debug_loc     0x0000000000001997     0x487d ./build/Debug/Drivers/STM32F4xx_HAL_Driver/Src/stm32f4xx_hal_uart.o
 .debug_loc     0x0000000000006214     0x51bd ./build/Debug/Middlewares/Third_Party/FreeRTOS/Source/CMSIS_RTOS_V2/cmsis_os2.o
 .debug_loc     0x000000000000b3d1      0xb2a ./build/Debug/Middlewares/Third_Party/FreeRTOS/Source/event_groups.o